Component: Arm Compiler for Embedded 6.21 Tool: armlink [5ec1fa00]

==============================================================================

Section Cross References

    mysystemclockconfig.o(.ARM.exidx.text.SysClkConf_72MHz) refers to mysystemclockconfig.o(.text.SysClkConf_72MHz) for [Anonymous Symbol]
    mydelay.o(.ARM.exidx.text.Delay_us) refers to mydelay.o(.text.Delay_us) for [Anonymous Symbol]
    mydelay.o(.ARM.exidx.text.Delay_ms) refers to mydelay.o(.text.Delay_ms) for [Anonymous Symbol]
    myuart.o(.text.myUART_Config) refers to myuart.o(.text.__NVIC_SetPriority) for __NVIC_SetPriority
    myuart.o(.text.myUART_Config) refers to myuart.o(.text.__NVIC_EnableIRQ) for __NVIC_EnableIRQ
    myuart.o(.ARM.exidx.text.myUART_Config) refers to myuart.o(.text.myUART_Config) for [Anonymous Symbol]
    myuart.o(.ARM.exidx.text.__NVIC_SetPriority) refers to myuart.o(.text.__NVIC_SetPriority) for [Anonymous Symbol]
    myuart.o(.ARM.exidx.text.__NVIC_EnableIRQ) refers to myuart.o(.text.__NVIC_EnableIRQ) for [Anonymous Symbol]
    myuart.o(.ARM.exidx.text.uart_transmit_data) refers to myuart.o(.text.uart_transmit_data) for [Anonymous Symbol]
    mypid.o(.text.PID_setMaxOutput) refers to mypid.o(.bss.max_output) for max_output
    mypid.o(.ARM.exidx.text.PID_setMaxOutput) refers to mypid.o(.text.PID_setMaxOutput) for [Anonymous Symbol]
    mypid.o(.text.PID_Controller) refers to daddsub_clz.o(x$fpl$dsub) for __aeabi_dsub
    mypid.o(.text.PID_Controller) refers to mypid.o(.bss.error) for error
    mypid.o(.text.PID_Controller) refers to mypid.o(.bss.last_error) for last_error
    mypid.o(.text.PID_Controller) refers to daddsub_clz.o(x$fpl$dadd) for __aeabi_dadd
    mypid.o(.text.PID_Controller) refers to mypid.o(.bss.error_integral) for error_integral
    mypid.o(.text.PID_Controller) refers to mypid.o(.bss.max_output) for max_output
    mypid.o(.text.PID_Controller) refers to dcmp.o(x$fpl$fcmp) for __aeabi_dcmple
    mypid.o(.text.PID_Controller) refers to mypid.o(.bss.error_derivative) for error_derivative
    mypid.o(.text.PID_Controller) refers to dmul.o(x$fpl$dmul) for __aeabi_dmul
    mypid.o(.text.PID_Controller) refers to mypid.o(.bss.output_pid) for output_pid
    mypid.o(.text.PID_Controller) refers to ddiv.o(x$fpl$ddiv) for __aeabi_ddiv
    mypid.o(.text.PID_Controller) refers to dfix.o(x$fpl$dfix) for __aeabi_d2iz
    mypid.o(.text.PID_Controller) refers to mypid.o(.bss.duty_cycle) for duty_cycle
    mypid.o(.text.PID_Controller) refers to mypwm.o(.text.setDutyCircle) for setDutyCircle
    mypid.o(.ARM.exidx.text.PID_Controller) refers to mypid.o(.text.PID_Controller) for [Anonymous Symbol]
    mypwm.o(.ARM.exidx.text.myPWM_Config) refers to mypwm.o(.text.myPWM_Config) for [Anonymous Symbol]
    mypwm.o(.ARM.exidx.text.setDutyCircle) refers to mypwm.o(.text.setDutyCircle) for [Anonymous Symbol]
    mylcd.o(.ARM.exidx.text.I2C1_Init) refers to mylcd.o(.text.I2C1_Init) for [Anonymous Symbol]
    mylcd.o(.ARM.exidx.text.I2C1_Start) refers to mylcd.o(.text.I2C1_Start) for [Anonymous Symbol]
    mylcd.o(.ARM.exidx.text.I2C1_Stop) refers to mylcd.o(.text.I2C1_Stop) for [Anonymous Symbol]
    mylcd.o(.ARM.exidx.text.I2C1_Write) refers to mylcd.o(.text.I2C1_Write) for [Anonymous Symbol]
    mylcd.o(.ARM.exidx.text.I2C1_Send_Address) refers to mylcd.o(.text.I2C1_Send_Address) for [Anonymous Symbol]
    mylcd.o(.text.I2C1_Write_Buffer) refers to mylcd.o(.text.I2C1_Start) for I2C1_Start
    mylcd.o(.text.I2C1_Write_Buffer) refers to mylcd.o(.text.I2C1_Send_Address) for I2C1_Send_Address
    mylcd.o(.text.I2C1_Write_Buffer) refers to mylcd.o(.text.I2C1_Write) for I2C1_Write
    mylcd.o(.text.I2C1_Write_Buffer) refers to mylcd.o(.text.I2C1_Stop) for I2C1_Stop
    mylcd.o(.ARM.exidx.text.I2C1_Write_Buffer) refers to mylcd.o(.text.I2C1_Write_Buffer) for [Anonymous Symbol]
    mylcd.o(.text.LCD_I2C_Write_CMD) refers to mylcd.o(.text.I2C1_Write_Buffer) for I2C1_Write_Buffer
    mylcd.o(.ARM.exidx.text.LCD_I2C_Write_CMD) refers to mylcd.o(.text.LCD_I2C_Write_CMD) for [Anonymous Symbol]
    mylcd.o(.text.LCD_I2C_Write_DATA) refers to mylcd.o(.text.I2C1_Write_Buffer) for I2C1_Write_Buffer
    mylcd.o(.ARM.exidx.text.LCD_I2C_Write_DATA) refers to mylcd.o(.text.LCD_I2C_Write_DATA) for [Anonymous Symbol]
    mylcd.o(.text.LCD_I2C_Init) refers to mydelay.o(.text.Delay_ms) for Delay_ms
    mylcd.o(.text.LCD_I2C_Init) refers to mylcd.o(.text.LCD_I2C_Write_CMD) for LCD_I2C_Write_CMD
    mylcd.o(.ARM.exidx.text.LCD_I2C_Init) refers to mylcd.o(.text.LCD_I2C_Init) for [Anonymous Symbol]
    mylcd.o(.text.LCD_I2C_Clear) refers to mylcd.o(.text.LCD_I2C_Write_CMD) for LCD_I2C_Write_CMD
    mylcd.o(.text.LCD_I2C_Clear) refers to mydelay.o(.text.Delay_ms) for Delay_ms
    mylcd.o(.ARM.exidx.text.LCD_I2C_Clear) refers to mylcd.o(.text.LCD_I2C_Clear) for [Anonymous Symbol]
    mylcd.o(.text.LCD_I2C_Location) refers to mylcd.o(.text.LCD_I2C_Write_CMD) for LCD_I2C_Write_CMD
[...]
    dc.s                                     0x00000000   Number         0  dc.o ABSOLUTE
    dht_labview.c                            0x00000000   Number         0  dht_labview.o ABSOLUTE
    myDelay.c                                0x00000000   Number         0  mydelay.o ABSOLUTE
    myLCD.c                                  0x00000000   Number         0  mylcd.o ABSOLUTE
    myPID.c                                  0x00000000   Number         0  mypid.o ABSOLUTE
    myPWM.c                                  0x00000000   Number         0  mypwm.o ABSOLUTE
    mySystemClockConfig.c                    0x00000000   Number         0  mysystemclockconfig.o ABSOLUTE
    myUART.c                                 0x00000000   Number         0  myuart.o ABSOLUTE
    system_stm32f10x.c                       0x00000000   Number         0  system_stm32f10x.o ABSOLUTE
    RESET                                    0x08000000   Section      236  startup_stm32f10x_md.o(RESET)
    !!!main                                  0x080000ec   Section        8  __main.o(!!!main)
    !!!scatter                               0x080000f4   Section       92  __scatter.o(!!!scatter)
    !!handler_copy                           0x08000150   Section       26  __scatter_copy.o(!!handler_copy)
    !!handler_null                           0x0800016c   Section        2  __scatter.o(!!handler_null)
    !!handler_zi                             0x08000170   Section       28  __scatter_zi.o(!!handler_zi)
    .ARM.Collect$$_printf_percent$$00000000  0x0800018c   Section        0  _printf_percent.o(.ARM.Collect$$_printf_percent$$00000000)
    .ARM.Collect$$_printf_percent$$00000001  0x0800018c   Section        6  _printf_n.o(.ARM.Collect$$_printf_percent$$00000001)
    .ARM.Collect$$_printf_percent$$00000002  0x08000192   Section        6  _printf_p.o(.ARM.Collect$$_printf_percent$$00000002)
    .ARM.Collect$$_printf_percent$$00000003  0x08000198   Section        6  _printf_f.o(.ARM.Collect$$_printf_percent$$00000003)
    .ARM.Collect$$_printf_percent$$00000004  0x0800019e   Section        6  _printf_e.o(.ARM.Collect$$_printf_percent$$00000004)
    .ARM.Collect$$_printf_percent$$00000005  0x080001a4   Section        6  _printf_g.o(.ARM.Collect$$_printf_percent$$00000005)
    .ARM.Collect$$_printf_percent$$00000006  0x080001aa   Section        6  _printf_a.o(.ARM.Collect$$_printf_percent$$00000006)
    .ARM.Collect$$_printf_percent$$00000007  0x080001b0   Section       10  _printf_ll.o(.ARM.Collect$$_printf_percent$$00000007)
    .ARM.Collect$$_printf_percent$$00000008  0x080001ba   Section        6  _printf_i.o(.ARM.Collect$$_printf_percent$$00000008)
    .ARM.Collect$$_printf_percent$$00000009  0x080001c0   Section        6  _printf_d.o(.ARM.Collect$$_printf_percent$$00000009)
    .ARM.Collect$$_printf_percent$$0000000A  0x080001c6   Section        6  _printf_u.o(.ARM.Collect$$_printf_percent$$0000000A)
    .ARM.Collect$$_printf_percent$$0000000B  0x080001cc   Section        6  _printf_o.o(.ARM.Collect$$_printf_percent$$0000000B)
    .ARM.Collect$$_printf_percent$$0000000C  0x080001d2   Section        6  _printf_x.o(.ARM.Collect$$_printf_percent$$0000000C)
    .ARM.Collect$$_printf_percent$$0000000D  0x080001d8   Section        6  _printf_lli.o(.ARM.Collect$$_printf_percent$$0000000D)
    .ARM.Collect$$_printf_percent$$0000000E  0x080001de   Section        6  _printf_lld.o(.ARM.Collect$$_printf_percent$$0000000E)
    .ARM.Collect$$_printf_percent$$0000000F  0x080001e4   Section        6  _printf_llu.o(.ARM.Collect$$_printf_percent$$0000000F)
    .ARM.Collect$$_printf_percent$$00000010  0x080001ea   Section        6  _printf_llo.o(.ARM.Collect$$_printf_percent$$00000010)
    .ARM.Collect$$_printf_percent$$00000011  0x080001f0   Section        6  _printf_llx.o(.ARM.Collect$$_printf_percent$$00000011)
    .ARM.Collect$$_printf_percent$$00000012  0x080001f6   Section       10  _printf_l.o(.ARM.Collect$$_printf_percent$$00000012)
    .ARM.Collect$$_printf_percent$$00000013  0x08000200   Section        6  _printf_c.o(.ARM.Collect$$_printf_percent$$00000013)
    .ARM.Collect$$_printf_percent$$00000014  0x08000206   Section        6  _printf_s.o(.ARM.Collect$$_printf_percent$$00000014)
    .ARM.Collect$$_printf_percent$$00000015  0x0800020c   Section        6  _printf_lc.o(.ARM.Collect$$_printf_percent$$00000015)
    .ARM.Collect$$_printf_percent$$00000016  0x08000212   Section        6  _printf_ls.o(.ARM.Collect$$_printf_percent$$00000016)
    .ARM.Collect$$_printf_percent$$00000017  0x08000218   Section        4  _printf_percent_end.o(.ARM.Collect$$_printf_percent$$00000017)
    .ARM.Collect$$libinit$$00000000          0x0800021c   Section        2  libinit.o(.ARM.Collect$$libinit$$00000000)
    .ARM.Collect$$libinit$$00000002          0x0800021e   Section        0  libinit2.o(.ARM.Collect$$libinit$$00000002)
    .ARM.Collect$$libinit$$00000004          0x0800021e   Section        0  libinit2.o(.ARM.Collect$$libinit$$00000004)
    .ARM.Collect$$libinit$$00000006          0x0800021e   Section        0  libinit2.o(.ARM.Collect$$libinit$$00000006)
    .ARM.Collect$$libinit$$0000000C          0x0800021e   Section        0  libinit2.o(.ARM.Collect$$libinit$$0000000C)
    .ARM.Collect$$libinit$$0000000E          0x0800021e   Section        0  libinit2.o(.ARM.Collect$$libinit$$0000000E)
    .ARM.Collect$$libinit$$00000010          0x0800021e   Section        0  libinit2.o(.ARM.Collect$$libinit$$00000010)
    .ARM.Collect$$libinit$$00000011          0x0800021e   Section        6  libinit2.o(.ARM.Collect$$libinit$$00000011)
    .ARM.Collect$$libinit$$00000013          0x08000224   Section        0  libinit2.o(.ARM.Collect$$libinit$$00000013)
    .ARM.Collect$$libinit$$00000014          0x08000224   Section       12  libinit2.o(.ARM.Collect$$libinit$$00000014)
    .ARM.Collect$$libinit$$00000015          0x08000230   Section        0  libinit2.o(.ARM.Collect$$libinit$$00000015)
    .ARM.Collect$$libinit$$00000017          0x08000230   Section        0  libinit2.o(.ARM.Collect$$libinit$$00000017)
    .ARM.Collect$$libinit$$00000018          0x08000230   Section       10  libinit2.o(.ARM.Collect$$libinit$$00000018)
    .ARM.Collect$$libinit$$00000019          0x0800023a   Section        0  libinit2.o(.ARM.Collect$$libinit$$00000019)
    .ARM.Collect$$libinit$$0000001B          0x0800023a   Section        0  libinit2.o(.ARM.Collect$$libinit$$0000001B)
    .ARM.Collect$$libinit$$0000001D          0x0800023a   Section        0  libinit2.o(.ARM.Collect$$libinit$$0000001D)
    .ARM.Collect$$libinit$$0000001F          0x0800023a   Section        0  libinit2.o(.ARM.Collect$$libinit$$0000001F)
    .ARM.Collect$$libinit$$00000021          0x0800023a   Section        0  libinit2.o(.ARM.Collect$$libinit$$00000021)
    .ARM.Collect$$libinit$$00000023          0x0800023a   Section        0  libinit2.o(.ARM.Collect$$libinit$$00000023)
    .ARM.Collect$$libinit$$00000025          0x0800023a   Section        0  libinit2.o(.ARM.Collect$$libinit$$00000025)
    .ARM.Collect$$libinit$$00000027          0x0800023a   Section        0  libinit2.o(.ARM.Collect$$libinit$$00000027)
    .ARM.Collect$$libinit$$0000002E          0x0800023a   Section        0  libinit2.o(.ARM.Collect$$libinit$$0000002E)
    .ARM.Collect$$libinit$$00000030          0x0800023a   Section        0  libinit2.o(.ARM.Collect$$libinit$$00000030)
    .ARM.Collect$$libinit$$00000032          0x0800023a   Section        0  libinit2.o(.ARM.Collect$$libinit$$00000032)
    .ARM.Collect$$libinit$$00000034          0x0800023a   Section        0  libinit2.o(.ARM.Collect$$libinit$$00000034)
    .ARM.Collect$$libinit$$00000035          0x0800023a   Section        2  libinit2.o(.ARM.Collect$$libinit$$00000035)
    .ARM.Collect$$libshutdown$$00000000      0x0800023c   Section        2  libshutdown.o(.ARM.Collect$$libshutdown$$00000000)
    .ARM.Collect$$libshutdown$$00000002      0x0800023e   Section        0  libshutdown2.o(.ARM.Collect$$libshutdown$$00000002)
    .ARM.Collect$$libshutdown$$00000004      0x0800023e   Section        0  libshutdown2.o(.ARM.Collect$$libshutdown$$00000004)
    .ARM.Collect$$libshutdown$$00000007      0x0800023e   Section        0  libshutdown2.o(.ARM.Collect$$libshutdown$$00000007)
    .ARM.Collect$$libshutdown$$0000000A      0x0800023e   Section        0  libshutdown2.o(.ARM.Collect$$libshutdown$$0000000A)
    .ARM.Collect$$libshutdown$$0000000C      0x0800023e   Section        0  libshutdown2.o(.ARM.Collect$$libshutdown$$0000000C)
    .ARM.Collect$$libshutdown$$0000000F      0x0800023e   Section        0  libshutdown2.o(.ARM.Collect$$libshutdown$$0000000F)
    .ARM.Collect$$libshutdown$$00000010      0x0800023e   Section        2  libshutdown2.o(.ARM.Collect$$libshutdown$$00000010)
    .ARM.Collect$$rtentry$$00000000          0x08000240   Section        0  __rtentry.o(.ARM.Collect$$rtentry$$00000000)
    .ARM.Collect$$rtentry$$00000002          0x08000240   Section        0  __rtentry2.o(.ARM.Collect$$rtentry$$00000002)
    .ARM.Collect$$rtentry$$00000004          0x08000240   Section        6  __rtentry4.o(.ARM.Collect$$rtentry$$00000004)
    .ARM.Collect$$rtentry$$00000009          0x08000246   Section        0  __rtentry2.o(.ARM.Collect$$rtentry$$00000009)
    .ARM.Collect$$rtentry$$0000000A          0x08000246   Section        4  __rtentry2.o(.ARM.Collect$$rtentry$$0000000A)
    .ARM.Collect$$rtentry$$0000000C          0x0800024a   Section        0  __rtentry2.o(.ARM.Collect$$rtentry$$0000000C)
    .ARM.Collect$$rtentry$$0000000D          0x0800024a   Section        8  __rtentry2.o(.ARM.Collect$$rtentry$$0000000D)
    .ARM.Collect$$rtexit$$00000000           0x08000252   Section        2  rtexit.o(.ARM.Collect$$rtexit$$00000000)
    .ARM.Collect$$rtexit$$00000002           0x08000254   Section        0  rtexit2.o(.ARM.Collect$$rtexit$$00000002)
    .ARM.Collect$$rtexit$$00000003           0x08000254   Section        4  rtexit2.o(.ARM.Collect$$rtexit$$00000003)
    .ARM.Collect$$rtexit$$00000004           0x08000258   Section        6  rtexit2.o(.ARM.Collect$$rtexit$$00000004)
    .text                                    0x08000260   Section       64  startup_stm32f10x_md.o(.text)
    .text                                    0x080002a0   Section        0  sprintf.o(.text)
    .text                                    0x080002cc   Section        0  atoi.o(.text)
    .text                                    0x080002e6   Section        0  heapauxi.o(.text)
    .text                                    0x080002ec   Section        8  rt_errno_addr_intlibspace.o(.text)
    .text                                    0x080002f4   Section        0  _printf_pad.o(.text)
    .text                                    0x08000342   Section        0  _printf_truncate.o(.text)
    .text                                    0x08000366   Section        0  _printf_str.o(.text)
    .text                                    0x080003b8   Section        0  _printf_dec.o(.text)
    .text                                    0x08000430   Section        0  _printf_charcount.o(.text)
    _printf_input_char                       0x08000459   Thumb Code    10  _printf_char_common.o(.text)
    .text                                    0x08000458   Section        0  _printf_char_common.o(.text)
    .text                                    0x08000488   Section        0  _sputc.o(.text)
    .text                                    0x08000494   Section        0  _printf_wctomb.o(.text)
    .text                                    0x08000550   Section        0  _printf_longlong_dec.o(.text)
    _printf_longlong_oct_internal            0x080005cd   Thumb Code     0  _printf_oct_int_ll.o(.text)
    .text                                    0x080005cc   Section        0  _printf_oct_int_ll.o(.text)
    _printf_hex_common                       0x0800063d   Thumb Code     0  _printf_hex_int_ll_ptr.o(.text)
    .text                                    0x0800063c   Section        0  _printf_hex_int_ll_ptr.o(.text)
    .text                                    0x080006d0   Section        0  __printf_flags_ss_wp.o(.text)
    .text                                    0x08000858   Section        0  strtol.o(.text)
    .text                                    0x080008c8   Section        8  libspace.o(.text)
    .text                                    0x080008d0   Section       16  rt_ctype_table.o(.text)
    .text                                    0x080008e0   Section      138  lludiv10.o(.text)
    .text                                    0x0800096a   Section        0  _printf_intcommon.o(.text)
    _fp_digits                               0x08000a1d   Thumb Code   432  _printf_fp_dec.o(.text)
    .text                                    0x08000a1c   Section        0  _printf_fp_dec.o(.text)
    .text                                    0x08000e38   Section        0  _printf_fp_hex.o(.text)
    .text                                    0x08001134   Section        0  _printf_char.o(.text)
    .text                                    0x08001160   Section        0  _printf_wchar.o(.text)
    .text                                    0x0800118c   Section        0  _strtoul.o(.text)
    .text                                    0x0800122a   Section        0  _c16rtomb.o(.text)
    .text                                    0x08001272   Section       74  sys_stackheap_outer.o(.text)
    .text                                    0x080012bc   Section        8  rt_locale_intlibspace.o(.text)
    .text                                    0x080012c4   Section        0  _printf_fp_infnan.o(.text)
    .text                                    0x08001344   Section        0  _chval.o(.text)
    .text                                    0x08001360   Section        0  bigflt0.o(.text)
    .text                                    0x08001444   Section        0  exit.o(.text)
    .text                                    0x08001458   Section        0  sys_exit.o(.text)
    .text                                    0x08001464   Section        2  use_no_semi.o(.text)
    .text                                    0x08001466   Section        0  indicate_semi.o(.text)
    .text                                    0x08001468   Section      128  strcmpv7m.o(.text)
    [Anonymous Symbol]                       0x080014e8   Section        0  mydelay.o(.text.Delay_ms)
    [Anonymous Symbol]                       0x0800155c   Section        0  mypid.o(.text.PID_Controller)
    [Anonymous Symbol]                       0x0800173c   Section        0  mypid.o(.text.PID_setMaxOutput)
    [Anonymous Symbol]                       0x08001758   Section        0  dht_labview.o(.text.PinConf)
    [Anonymous Symbol]                       0x080017ac   Section        0  dht_labview.o(.text.ReadDHT)
    [Anonymous Symbol]                       0x08001880   Section        0  dht_labview.o(.text.SendStart)
    SetSysClock                              0x080018e9   Thumb Code     8  system_stm32f10x.o(.text.SetSysClock)
    [Anonymous Symbol]                       0x080018e8   Section        0  system_stm32f10x.o(.text.SetSysClock)
    SetSysClockTo72                          0x080018f1   Thumb Code   290  system_stm32f10x.o(.text.SetSysClockTo72)
    [Anonymous Symbol]                       0x080018f0   Section        0  system_stm32f10x.o(.text.SetSysClockTo72)
    [Anonymous Symbol]                       0x08001a14   Section        0  mysystemclockconfig.o(.text.SysClkConf_72MHz)
    [Anonymous Symbol]                       0x08001adc   Section        0  system_stm32f10x.o(.text.SystemInit)
    [Anonymous Symbol]                       0x08001b44   Section        0  dht_labview.o(.text.USART1_IRQHandler)
    __NVIC_EnableIRQ                         0x08001c89   Thumb Code    48  myuart.o(.text.__NVIC_EnableIRQ)
    [Anonymous Symbol]                       0x08001c88   Section        0  myuart.o(.text.__NVIC_EnableIRQ)
    __NVIC_SetPriority                       0x08001cb9   Thumb Code    66  myuart.o(.text.__NVIC_SetPriority)
    [Anonymous Symbol]                       0x08001cb8   Section        0  myuart.o(.text.__NVIC_SetPriority)
    [Anonymous Symbol]                       0x08001cfc   Section        0  dht_labview.o(.text.convertStringToDecimal)
    [Anonymous Symbol]                       0x08001d20   Section        0  dht_labview.o(.text.convertToFormattedString)
    [Anonymous Symbol]                       0x08001d70   Section        0  dht_labview.o(.text.main)
    [Anonymous Symbol]                       0x08001ffc   Section        0  mypwm.o(.text.myPWM_Config)
    [Anonymous Symbol]                       0x080020a8   Section        0  myuart.o(.text.myUART_Config)
    [Anonymous Symbol]                       0x08002134   Section        0  mypwm.o(.text.setDutyCircle)
    [Anonymous Symbol]                       0x0800214c   Section        0  myuart.o(.text.uart_transmit_data)
    CL$$btod_d2e                             0x080021a8   Section       62  btod.o(CL$$btod_d2e)
    CL$$btod_d2e_denorm_low                  0x080021e6   Section       70  btod.o(CL$$btod_d2e_denorm_low)
    CL$$btod_d2e_norm_op1                    0x0800222c   Section       96  btod.o(CL$$btod_d2e_norm_op1)
    CL$$btod_div_common                      0x0800228c   Section      824  btod.o(CL$$btod_div_common)
    CL$$btod_e2e                             0x080025c4   Section      220  btod.o(CL$$btod_e2e)
    CL$$btod_ediv                            0x080026a0   Section       42  btod.o(CL$$btod_ediv)
    CL$$btod_emul                            0x080026ca   Section       42  btod.o(CL$$btod_emul)
    CL$$btod_mult_common                     0x080026f4   Section      580  btod.o(CL$$btod_mult_common)
    i.__ARM_fpclassify                       0x08002938   Section        0  fpclassify.o(i.__ARM_fpclassify)
    i._is_digit                              0x08002960   Section        0  __printf_wp.o(i._is_digit)
    locale$$code                             0x08002970   Section       44  lc_ctype_c.o(locale$$code)
    locale$$code                             0x0800299c   Section       44  lc_numeric_c.o(locale$$code)
    x$fpl$dadd                               0x080029c8   Section      336  daddsub_clz.o(x$fpl$dadd)
    _dadd1                                   0x080029d9   Thumb Code     0  daddsub_clz.o(x$fpl$dadd)
    x$fpl$dcmpinf                            0x08002b18   Section       24  dcmpi.o(x$fpl$dcmpinf)
    x$fpl$ddiv                               0x08002b30   Section      692  ddiv.o(x$fpl$ddiv)
    ddiv_entry                               0x08002b37   Thumb Code     0  ddiv.o(x$fpl$ddiv)
    x$fpl$deqf                               0x08002de4   Section      120  deqf.o(x$fpl$deqf)
    x$fpl$dfix                               0x08002e5c   Section       94  dfix.o(x$fpl$dfix)
    x$fpl$dflt                               0x08002eba   Section       46  dflt_clz.o(x$fpl$dflt)
    x$fpl$dfltu                              0x08002ee8   Section       38  dflt_clz.o(x$fpl$dfltu)
    x$fpl$dgeqf                              0x08002f10   Section      120  dgeqf.o(x$fpl$dgeqf)
    x$fpl$dleqf                              0x08002f88   Section      120  dleqf.o(x$fpl$dleqf)
    x$fpl$dmul                               0x08003000   Section      340  dmul.o(x$fpl$dmul)
    x$fpl$dnaninf                            0x08003154   Section      156  dnaninf.o(x$fpl$dnaninf)
    x$fpl$dretinf                            0x080031f0   Section       12  dretinf.o(x$fpl$dretinf)
    x$fpl$dsub                               0x080031fc   Section      476  daddsub_clz.o(x$fpl$dsub)
    _dsub1                                   0x0800320d   Thumb Code     0  daddsub_clz.o(x$fpl$dsub)
    x$fpl$fcmp                               0x080033d8   Section       84  dcmp.o(x$fpl$fcmp)
    x$fpl$printf1                            0x0800342c   Section        4  printf1.o(x$fpl$printf1)
    x$fpl$printf2                            0x08003430   Section        4  printf2.o(x$fpl$printf2)
    initial_mbstate                          0x08003434   Data           8  _printf_wctomb.o(.constdata)
    .constdata                               0x08003434   Section        8  _printf_wctomb.o(.constdata)
    x$fpl$usenofp                            0x08003434   Section        0  usenofp.o(x$fpl$usenofp)
    uc_hextab                                0x0800343c   Data          20  _printf_hex_int_ll_ptr.o(.constdata)
    .constdata                               0x0800343c   Section       40  _printf_hex_int_ll_ptr.o(.constdata)
    lc_hextab                                0x08003450   Data          20  _printf_hex_int_ll_ptr.o(.constdata)
    maptable                                 0x08003464   Data          17  __printf_flags_ss_wp.o(.constdata)
    .constdata                               0x08003464   Section       17  __printf_flags_ss_wp.o(.constdata)
    lc_hextab                                0x08003475   Data          19  _printf_fp_hex.o(.constdata)
    .constdata                               0x08003475   Section       38  _printf_fp_hex.o(.constdata)
    uc_hextab                                0x08003488   Data          19  _printf_fp_hex.o(.constdata)
    tenpwrs_x                                0x0800349c   Data          60  bigflt0.o(.constdata)
    .constdata                               0x0800349c   Section      148  bigflt0.o(.constdata)
    tenpwrs_i                                0x080034d8   Data          64  bigflt0.o(.constdata)
    [Anonymous Symbol]                       0x08003530   Section        0  dht_labview.o(.rodata.str1.1)
    .L.str.1                                 0x0800353a   Data           7  dht_labview.o(.rodata.str1.1)
    .L.str.2                                 0x08003541   Data           5  dht_labview.o(.rodata.str1.1)
    .L.str                                   0x08003544   Data          10  dht_labview.o(.rodata.str1.1)
    .L.str.3                                 0x08003546   Data           3  dht_labview.o(.rodata.str1.1)
    .L.str.4                                 0x08003549   Data           8  dht_labview.o(.rodata.str1.1)
    .L.str.5                                 0x08003551   Data           2  dht_labview.o(.rodata.str1.1)
    locale$$data                             0x08003574   Section      272  lc_ctype_c.o(locale$$data)
    __lcctype_c_name                         0x08003578   Data           2  lc_ctype_c.o(locale$$data)
    __lcctype_c_start                        0x08003580   Data           0  lc_ctype_c.o(locale$$data)
    __lcctype_c_end                          0x08003684   Data           0  lc_ctype_c.o(locale$$data)
    locale$$data                             0x08003684   Section       28  lc_numeric_c.o(locale$$data)
    __lcnum_c_name                           0x08003688   Data           2  lc_numeric_c.o(locale$$data)
    __lcnum_c_start                          0x08003690   Data           0  lc_numeric_c.o(locale$$data)
    __lcnum_c_point                          0x0800369c   Data           0  lc_numeric_c.o(locale$$data)
    __lcnum_c_thousands                      0x0800369e   Data           0  lc_numeric_c.o(locale$$data)
    __lcnum_c_grouping                       0x0800369f   Data           0  lc_numeric_c.o(locale$$data)
    __lcnum_c_end                            0x080036a0   Data           0  lc_numeric_c.o(locale$$data)
    humid_setpoint                           0x20000000   Data           8  dht_labview.o(.data.humid_setpoint)
    [Anonymous Symbol]                       0x20000000   Section        0  dht_labview.o(.data.humid_setpoint)
    temp_setpoint                            0x20000008   Data           8  dht_labview.o(.data.temp_setpoint)
    [Anonymous Symbol]                       0x20000008   Section        0  dht_labview.o(.data.temp_setpoint)
    .bss                                     0x20000010   Section       96  libspace.o(.bss)
    DHT_DATA                                 0x20000070   Data          16  dht_labview.o(.bss.DHT_DATA)
    [Anonymous Symbol]                       0x20000070   Section        0  dht_labview.o(.bss.DHT_DATA)
    DHT_format                               0x20000080   Data           9  dht_labview.o(.bss.DHT_format)
    [Anonymous Symbol]                       0x20000080   Section        0  dht_labview.o(.bss.DHT_format)
    checksum                                 0x20000089   Data           1  dht_labview.o(.bss.checksum)
    [Anonymous Symbol]                       0x20000089   Section        0  dht_labview.o(.bss.checksum)
    dht_data                                 0x2000008a   Data           5  dht_labview.o(.bss.dht_data)
    [Anonymous Symbol]                       0x2000008a   Section        0  dht_labview.o(.bss.dht_data)
    duty_cycle                               0x20000090   Data           2  mypid.o(.bss.duty_cycle)
    [Anonymous Symbol]                       0x20000090   Section        0  mypid.o(.bss.duty_cycle)
    error                                    0x20000098   Data           8  mypid.o(.bss.error)
    [Anonymous Symbol]                       0x20000098   Section        0  mypid.o(.bss.error)
    error_derivative                         0x200000a0   Data           8  mypid.o(.bss.error_derivative)
    [Anonymous Symbol]                       0x200000a0   Section        0  mypid.o(.bss.error_derivative)
    error_integral                           0x200000a8   Data           8  mypid.o(.bss.error_integral)
    [Anonymous Symbol]                       0x200000a8   Section        0  mypid.o(.bss.error_integral)
    humid                                    0x200000b0   Data           8  dht_labview.o(.bss.humid)
    [Anonymous Symbol]                       0x200000b0   Section        0  dht_labview.o(.bss.humid)
    humidity_decimal                         0x200000b8   Data           1  dht_labview.o(.bss.humidity_decimal)
    [Anonymous Symbol]                       0x200000b8   Section        0  dht_labview.o(.bss.humidity_decimal)
    humidity_integer                         0x200000b9   Data           1  dht_labview.o(.bss.humidity_integer)
    [Anonymous Symbol]                       0x200000b9   Section        0  dht_labview.o(.bss.humidity_integer)
    last_error                               0x200000c0   Data           8  mypid.o(.bss.last_error)
    [Anonymous Symbol]                       0x200000c0   Section        0  mypid.o(.bss.last_error)
    max_output                               0x200000c8   Data           8  mypid.o(.bss.max_output)
    [Anonymous Symbol]                       0x200000c8   Section        0  mypid.o(.bss.max_output)
    mode_control                             0x200000d0   Data           1  dht_labview.o(.bss.mode_control)
    [Anonymous Symbol]                       0x200000d0   Section        0  dht_labview.o(.bss.mode_control)
    output_pid                               0x200000d8   Data           8  mypid.o(.bss.output_pid)
    [Anonymous Symbol]                       0x200000d8   Section        0  mypid.o(.bss.output_pid)
    receive_flag                             0x200000e0   Data           1  dht_labview.o(.bss.receive_flag)
    [Anonymous Symbol]                       0x200000e0   Section        0  dht_labview.o(.bss.receive_flag)
    temp                                     0x200000e8   Data           8  dht_labview.o(.bss.temp)
    [Anonymous Symbol]                       0x200000e8   Section        0  dht_labview.o(.bss.temp)
    temperature_decimal                      0x200000f0   Data           1  dht_labview.o(.bss.temperature_decimal)
    [Anonymous Symbol]                       0x200000f0   Section        0  dht_labview.o(.bss.temperature_decimal)
    temperature_integer                      0x200000f1   Data           1  dht_labview.o(.bss.temperature_integer)
    [Anonymous Symbol]                       0x200000f1   Section        0  dht_labview.o(.bss.temperature_integer)
    uart_index                               0x200000f2   Data           1  dht_labview.o(.bss.uart_index)
    [Anonymous Symbol]                       0x200000f2   Section        0  dht_labview.o(.bss.uart_index)
    uart_receive                             0x200000f3   Data           5  dht_labview.o(.bss.uart_receive)
    [Anonymous Symbol]                       0x200000f3   Section        0  dht_labview.o(.bss.uart_receive)
    Heap_Mem                                 0x200000f8   Data         512  startup_stm32f10x_md.o(HEAP)
    HEAP                                     0x200000f8   Section      512  startup_stm32f10x_md.o(HEAP)
    Stack_Mem                                0x200002f8   Data        1024  startup_stm32f10x_md.o(STACK)
    STACK                                    0x200002f8   Section     1024  startup_stm32f10x_md.o(STACK)
    __initial_sp                             0x200006f8   Data           0  startup_stm32f10x_md.o(STACK)

    Global Symbols

    Symbol Name                              Value     Ov Type        Size  Object(Section)

    BuildAttributes$$THM_ISAv4$P$D$K$B$S$PE$A:L22UL41UL21$X:L11$S22US41US21$IEEE1$IW$~IW$USESV6$~STKCKD$USESV7$~SHL$OTIME$ROPI$IEEEJ$EBA8$UX$STANDARDLIB$REQ8$PRES8$EABIv2 0x00000000   Number         0  anon$$obj.o ABSOLUTE
    __fp_init_empty                          0x00000000   Number         0  fpinit_empty.o ABSOLUTE
    _printf_flags                            0x00000000   Number         0  printf_stubs.o ABSOLUTE
    _printf_return_value                     0x00000000   Number         0  printf_stubs.o ABSOLUTE
    _printf_sizespec                         0x00000000   Number         0  printf_stubs.o ABSOLUTE
    _printf_widthprec                        0x00000000   Number         0  printf_stubs.o ABSOLUTE
    __ARM_exceptions_init                     - Undefined Weak Reference
    __alloca_initialize                       - Undefined Weak Reference
    __arm_preinit_                            - Undefined Weak Reference
    __arm_relocate_pie_                       - Undefined Weak Reference
    __cpp_initialize__aeabi_                  - Undefined Weak Reference
    __cxa_finalize                            - Undefined Weak Reference
    __sigvec_lookup                           - Undefined Weak Reference
    __user_heap_extent                        - Undefined Weak Reference
    _atexit_init                              - Undefined Weak Reference
    _call_atexit_fns                          - Undefined Weak Reference
    _clock_init                               - Undefined Weak Reference
    _fp_trap_init                             - Undefined Weak Reference
    _fp_trap_shutdown                         - Undefined Weak Reference
    _get_lc_collate                           - Undefined Weak Reference
    _get_lc_monetary                          - Undefined Weak Reference
    _get_lc_time                              - Undefined Weak Reference
    _getenv_init                              - Undefined Weak Reference
    _handle_redirection                       - Undefined Weak Reference
    _initio                                   - Undefined Weak Reference
    _mutex_acquire                            - Undefined Weak Reference
    _mutex_free                               - Undefined Weak Reference
    _mutex_release                            - Undefined Weak Reference
    _printf_mbtowc                            - Undefined Weak Reference
    _printf_wc                                - Undefined Weak Reference
    _rand_init                                - Undefined Weak Reference
    _signal_finish                            - Undefined Weak Reference
    _signal_init                              - Undefined Weak Reference
    _terminateio                              - Undefined Weak Reference
    __Vectors_Size                           0x000000ec   Number         0  startup_stm32f10x_md.o ABSOLUTE
    __Vectors                                0x08000000   Data           4  startup_stm32f10x_md.o(RESET)
    __Vectors_End                            0x080000ec   Data           0  startup_stm32f10x_md.o(RESET)
    __main                                   0x080000ed   Thumb Code     8  __main.o(!!!main)
    __scatterload                            0x080000f5   Thumb Code     0  __scatter.o(!!!scatter)
    __scatterload_rt2                        0x080000f5   Thumb Code    84  __scatter.o(!!!scatter)
    __scatterload_rt2_thumb_only             0x080000f5   Thumb Code     0  __scatter.o(!!!scatter)
    __scatterload_loop                       0x080000ff   Thumb Code     0  __scatter.o(!!!scatter)
    __scatterload_copy                       0x08000151   Thumb Code    26  __scatter_copy.o(!!handler_copy)
    __scatterload_null                       0x0800016d   Thumb Code     2  __scatter.o(!!handler_null)
    __scatterload_zeroinit                   0x08000171   Thumb Code    28  __scatter_zi.o(!!handler_zi)
    _printf_n                                0x0800018d   Thumb Code     0  _printf_n.o(.ARM.Collect$$_printf_percent$$00000001)
    _printf_percent                          0x0800018d   Thumb Code     0  _printf_percent.o(.ARM.Collect$$_printf_percent$$00000000)
    _printf_p                                0x08000193   Thumb Code     0  _printf_p.o(.ARM.Collect$$_printf_percent$$00000002)
    _printf_f                                0x08000199   Thumb Code     0  _printf_f.o(.ARM.Collect$$_printf_percent$$00000003)
    _printf_e                                0x0800019f   Thumb Code     0  _printf_e.o(.ARM.Collect$$_printf_percent$$00000004)
    _printf_g                                0x080001a5   Thumb Code     0  _printf_g.o(.ARM.Collect$$_printf_percent$$00000005)
    _printf_a                                0x080001ab   Thumb Code     0  _printf_a.o(.ARM.Collect$$_printf_percent$$00000006)
    _printf_ll                               0x080001b1   Thumb Code     0  _printf_ll.o(.ARM.Collect$$_printf_percent$$00000007)
    _printf_i                                0x080001bb   Thumb Code     0  _printf_i.o(.ARM.Collect$$_printf_percent$$00000008)
    _printf_d                                0x080001c1   Thumb Code     0  _printf_d.o(.ARM.Collect$$_printf_percent$$00000009)
    _printf_u                                0x080001c7   Thumb Code     0  _printf_u.o(.ARM.Collect$$_printf_percent$$0000000A)
    _printf_o                                0x080001cd   Thumb Code     0  _printf_o.o(.ARM.Collect$$_printf_percent$$0000000B)
    _printf_x                                0x080001d3   Thumb Code     0  _printf_x.o(.ARM.Collect$$_printf_percent$$0000000C)
    _printf_lli                              0x080001d9   Thumb Code     0  _printf_lli.o(.ARM.Collect$$_printf_percent$$0000000D)
    _printf_lld                              0x080001df   Thumb Code     0  _printf_lld.o(.ARM.Collect$$_printf_percent$$0000000E)
    _printf_llu                              0x080001e5   Thumb Code     0  _printf_llu.o(.ARM.Collect$$_printf_percent$$0000000F)
    _printf_llo                              0x080001eb   Thumb Code     0  _printf_llo.o(.ARM.Collect$$_printf_percent$$00000010)
    _printf_llx                              0x080001f1   Thumb Code     0  _printf_llx.o(.ARM.Collect$$_printf_percent$$00000011)
    _printf_l                                0x080001f7   Thumb Code     0  _printf_l.o(.ARM.Collect$$_printf_percent$$00000012)
    _printf_c                                0x08000201   Thumb Code     0  _printf_c.o(.ARM.Collect$$_printf_percent$$00000013)
    _printf_s                                0x08000207   Thumb Code     0  _printf_s.o(.ARM.Collect$$_printf_percent$$00000014)
    _printf_lc                               0x0800020d   Thumb Code     0  _printf_lc.o(.ARM.Collect$$_printf_percent$$00000015)
    _printf_ls                               0x08000213   Thumb Code     0  _printf_ls.o(.ARM.Collect$$_printf_percent$$00000016)
    _printf_percent_end                      0x08000219   Thumb Code     0  _printf_percent_end.o(.ARM.Collect$$_printf_percent$$00000017)
    __rt_lib_init                            0x0800021d   Thumb Code     0  libinit.o(.ARM.Collect$$libinit$$00000000)
    __rt_lib_init_fp_1                       0x0800021f   Thumb Code     0  libinit2.o(.ARM.Collect$$libinit$$00000002)
    __rt_lib_init_heap_1                     0x0800021f   Thumb Code     0  libinit2.o(.ARM.Collect$$libinit$$0000000C)
    __rt_lib_init_lc_common                  0x0800021f   Thumb Code     0  libinit2.o(.ARM.Collect$$libinit$$00000011)
    __rt_lib_init_preinit_1                  0x0800021f   Thumb Code     0  libinit2.o(.ARM.Collect$$libinit$$00000006)
    __rt_lib_init_rand_1                     0x0800021f   Thumb Code     0  libinit2.o(.ARM.Collect$$libinit$$00000010)
    __rt_lib_init_relocate_pie_1             0x0800021f   Thumb Code     0  libinit2.o(.ARM.Collect$$libinit$$00000004)
    __rt_lib_init_user_alloc_1               0x0800021f   Thumb Code     0  libinit2.o(.ARM.Collect$$libinit$$0000000E)
    __rt_lib_init_lc_collate_1               0x08000225   Thumb Code     0  libinit2.o(.ARM.Collect$$libinit$$00000013)
    __rt_lib_init_lc_ctype_2                 0x08000225   Thumb Code     0  libinit2.o(.ARM.Collect$$libinit$$00000014)
    __rt_lib_init_lc_ctype_1                 0x08000231   Thumb Code     0  libinit2.o(.ARM.Collect$$libinit$$00000015)
    __rt_lib_init_lc_monetary_1              0x08000231   Thumb Code     0  libinit2.o(.ARM.Collect$$libinit$$00000017)
    __rt_lib_init_lc_numeric_2               0x08000231   Thumb Code     0  libinit2.o(.ARM.Collect$$libinit$$00000018)
    __rt_lib_init_alloca_1                   0x0800023b   Thumb Code     0  libinit2.o(.ARM.Collect$$libinit$$00000030)
    __rt_lib_init_argv_1                     0x0800023b   Thumb Code     0  libinit2.o(.ARM.Collect$$libinit$$0000002E)
    __rt_lib_init_atexit_1                   0x0800023b   Thumb Code     0  libinit2.o(.ARM.Collect$$libinit$$0000001D)
    __rt_lib_init_clock_1                    0x0800023b   Thumb Code     0  libinit2.o(.ARM.Collect$$libinit$$00000023)
    __rt_lib_init_cpp_1                      0x0800023b   Thumb Code     0  libinit2.o(.ARM.Collect$$libinit$$00000034)
    __rt_lib_init_exceptions_1               0x0800023b   Thumb Code     0  libinit2.o(.ARM.Collect$$libinit$$00000032)
    __rt_lib_init_fp_trap_1                  0x0800023b   Thumb Code     0  libinit2.o(.ARM.Collect$$libinit$$00000021)
    __rt_lib_init_getenv_1                   0x0800023b   Thumb Code     0  libinit2.o(.ARM.Collect$$libinit$$00000025)
    __rt_lib_init_lc_numeric_1               0x0800023b   Thumb Code     0  libinit2.o(.ARM.Collect$$libinit$$00000019)
    __rt_lib_init_lc_time_1                  0x0800023b   Thumb Code     0  libinit2.o(.ARM.Collect$$libinit$$0000001B)
    __rt_lib_init_return                     0x0800023b   Thumb Code     0  libinit2.o(.ARM.Collect$$libinit$$00000035)
    __rt_lib_init_signal_1                   0x0800023b   Thumb Code     0  libinit2.o(.ARM.Collect$$libinit$$0000001F)
    __rt_lib_init_stdio_1                    0x0800023b   Thumb Code     0  libinit2.o(.ARM.Collect$$libinit$$00000027)
    __rt_lib_shutdown                        0x0800023d   Thumb Code     0  libshutdown.o(.ARM.Collect$$libshutdown$$00000000)
    __rt_lib_shutdown_cpp_1                  0x0800023f   Thumb Code     0  libshutdown2.o(.ARM.Collect$$libshutdown$$00000002)
    __rt_lib_shutdown_fp_trap_1              0x0800023f   Thumb Code     0  libshutdown2.o(.ARM.Collect$$libshutdown$$00000007)
    __rt_lib_shutdown_heap_1                 0x0800023f   Thumb Code     0  libshutdown2.o(.ARM.Collect$$libshutdown$$0000000F)
    __rt_lib_shutdown_return                 0x0800023f   Thumb Code     0  libshutdown2.o(.ARM.Collect$$libshutdown$$00000010)
    __rt_lib_shutdown_signal_1               0x0800023f   Thumb Code     0  libshutdown2.o(.ARM.Collect$$libshutdown$$0000000A)
    __rt_lib_shutdown_stdio_1                0x0800023f   Thumb Code     0  libshutdown2.o(.ARM.Collect$$libshutdown$$00000004)
    __rt_lib_shutdown_user_alloc_1           0x0800023f   Thumb Code     0  libshutdown2.o(.ARM.Collect$$libshutdown$$0000000C)
    __rt_entry                               0x08000241   Thumb Code     0  __rtentry.o(.ARM.Collect$$rtentry$$00000000)
    __rt_entry_presh_1                       0x08000241   Thumb Code     0  __rtentry2.o(.ARM.Collect$$rtentry$$00000002)
    __rt_entry_sh                            0x08000241   Thumb Code     0  __rtentry4.o(.ARM.Collect$$rtentry$$00000004)
    __rt_entry_li                            0x08000247   Thumb Code     0  __rtentry2.o(.ARM.Collect$$rtentry$$0000000A)
    __rt_entry_postsh_1                      0x08000247   Thumb Code     0  __rtentry2.o(.ARM.Collect$$rtentry$$00000009)
    __rt_entry_main                          0x0800024b   Thumb Code     0  __rtentry2.o(.ARM.Collect$$rtentry$$0000000D)
    __rt_entry_postli_1                      0x0800024b   Thumb Code     0  __rtentry2.o(.ARM.Collect$$rtentry$$0000000C)
    __rt_exit                                0x08000253   Thumb Code     0  rtexit.o(.ARM.Collect$$rtexit$$00000000)
    __rt_exit_ls                             0x08000255   Thumb Code     0  rtexit2.o(.ARM.Collect$$rtexit$$00000003)
    __rt_exit_prels_1                        0x08000255   Thumb Code     0  rtexit2.o(.ARM.Collect$$rtexit$$00000002)
    __rt_exit_exit                           0x08000259   Thumb Code     0  rtexit2.o(.ARM.Collect$$rtexit$$00000004)
    Reset_Handler                            0x08000261   Thumb Code     8  startup_stm32f10x_md.o(.text)
    NMI_Handler                              0x08000269   Thumb Code     2  startup_stm32f10x_md.o(.text)
    HardFault_Handler                        0x0800026b   Thumb Code     2  startup_stm32f10x_md.o(.text)
    MemManage_Handler                        0x0800026d   Thumb Code     2  startup_stm32f10x_md.o(.text)
    BusFault_Handler                         0x0800026f   Thumb Code     2  startup_stm32f10x_md.o(.text)
    UsageFault_Handler                       0x08000271   Thumb Code     2  startup_stm32f10x_md.o(.text)
    SVC_Handler                              0x08000273   Thumb Code     2  startup_stm32f10x_md.o(.text)
    DebugMon_Handler                         0x08000275   Thumb Code     2  startup_stm32f10x_md.o(.text)
    PendSV_Handler                           0x08000277   Thumb Code     2  startup_stm32f10x_md.o(.text)
    SysTick_Handler                          0x08000279   Thumb Code     2  startup_stm32f10x_md.o(.text)
    ADC1_2_IRQHandler                        0x0800027b   Thumb Code     0  startup_stm32f10x_md.o(.text)
    CAN1_RX1_IRQHandler                      0x0800027b   Thumb Code     0  startup_stm32f10x_md.o(.text)
    CAN1_SCE_IRQHandler                      0x0800027b   Thumb Code     0  startup_stm32f10x_md.o(.text)
    DMA1_Channel1_IRQHandler                 0x0800027b   Thumb Code     0  startup_stm32f10x_md.o(.text)
    DMA1_Channel2_IRQHandler                 0x0800027b   Thumb Code     0  startup_stm32f10x_md.o(.text)
    DMA1_Channel3_IRQHandler                 0x0800027b   Thumb Code     0  startup_stm32f10x_md.o(.text)
    DMA1_Channel4_IRQHandler                 0x0800027b   Thumb Code     0  startup_stm32f10x_md.o(.text)
    DMA1_Channel5_IRQHandler                 0x0800027b   Thumb Code     0  startup_stm32f10x_md.o(.text)
    DMA1_Channel6_IRQHandler                 0x0800027b   Thumb Code     0  startup_stm32f10x_md.o(.text)
    DMA1_Channel7_IRQHandler                 0x0800027b   Thumb Code     0  startup_stm32f10x_md.o(.text)
    EXTI0_IRQHandler                         0x0800027b   Thumb Code     0  startup_stm32f10x_md.o(.text)
    EXTI15_10_IRQHandler                     0x0800027b   Thumb Code     0  startup_stm32f10x_md.o(.text)
    EXTI1_IRQHandler                         0x0800027b   Thumb Code     0  startup_stm32f10x_md.o(.text)
    EXTI2_IRQHandler                         0x0800027b   Thumb Code     0  startup_stm32f10x_md.o(.text)
    EXTI3_IRQHandler                         0x0800027b   Thumb Code     0  startup_stm32f10x_md.o(.text)
    EXTI4_IRQHandler                         0x0800027b   Thumb Code     0  startup_stm32f10x_md.o(.text)
    EXTI9_5_IRQHandler                       0x0800027b   Thumb Code     0  startup_stm32f10x_md.o(.text)
    FLASH_IRQHandler                         0x0800027b   Thumb Code     0  startup_stm32f10x_md.o(.text)
    I2C1_ER_IRQHandler                       0x0800027b   Thumb Code     0  startup_stm32f10x_md.o(.text)
    I2C1_EV_IRQHandler                       0x0800027b   Thumb Code     0  startup_stm32f10x_md.o(.text)
    I2C2_ER_IRQHandler                       0x0800027b   Thumb Code     0  startup_stm32f10x_md.o(.text)
    I2C2_EV_IRQHandler                       0x0800027b   Thumb Code     0  startup_stm32f10x_md.o(.text)
    PVD_IRQHandler                           0x0800027b   Thumb Code     0  startup_stm32f10x_md.o(.text)
    RCC_IRQHandler                           0x0800027b   Thumb Code     0  startup_stm32f10x_md.o(.text)
    RTCAlarm_IRQHandler                      0x0800027b   Thumb Code     0  startup_stm32f10x_md.o(.text)
    RTC_IRQHandler                           0x0800027b   Thumb Code     0  startup_stm32f10x_md.o(.text)
    SPI1_IRQHandler                          0x0800027b   Thumb Code     0  startup_stm32f10x_md.o(.text)
    SPI2_IRQHandler                          0x0800027b   Thumb Code     0  startup_stm32f10x_md.o(.text)
    TAMPER_IRQHandler                        0x0800027b   Thumb Code     0  startup_stm32f10x_md.o(.text)
    TIM1_BRK_IRQHandler                      0x0800027b   Thumb Code     0  startup_stm32f10x_md.o(.text)
    TIM1_CC_IRQHandler                       0x0800027b   Thumb Code     0  startup_stm32f10x_md.o(.text)
    TIM1_TRG_COM_IRQHandler                  0x0800027b   Thumb Code     0  startup_stm32f10x_md.o(.text)
    TIM1_UP_IRQHandler                       0x0800027b   Thumb Code     0  startup_stm32f10x_md.o(.text)
    TIM2_IRQHandler                          0x0800027b   Thumb Code     0  startup_stm32f10x_md.o(.text)
    TIM3_IRQHandler                          0x0800027b   Thumb Code     0  startup_stm32f10x_md.o(.text)
    TIM4_IRQHandler                          0x0800027b   Thumb Code     0  startup_stm32f10x_md.o(.text)
    USART2_IRQHandler                        0x0800027b   Thumb Code     0  startup_stm32f10x_md.o(.text)
    USART3_IRQHandler                        0x0800027b   Thumb Code     0  startup_stm32f10x_md.o(.text)
    USBWakeUp_IRQHandler                     0x0800027b   Thumb Code     0  startup_stm32f10x_md.o(.text)
    USB_HP_CAN1_TX_IRQHandler                0x0800027b   Thumb Code     0  startup_stm32f10x_md.o(.text)
    USB_LP_CAN1_RX0_IRQHandler               0x0800027b   Thumb Code     0  startup_stm32f10x_md.o(.text)
    WWDG_IRQHandler                          0x0800027b   Thumb Code     0  startup_stm32f10x_md.o(.text)
    __user_initial_stackheap                 0x0800027d   Thumb Code     0  startup_stm32f10x_md.o(.text)
    sprintf                                  0x080002a1   Thumb Code    38  sprintf.o(.text)
    atoi                                     0x080002cd   Thumb Code    26  atoi.o(.text)
    __use_two_region_memory                  0x080002e7   Thumb Code     2  heapauxi.o(.text)
    __rt_heap_escrow                         0x080002e9   Thumb Code     2  heapauxi.o(.text)
    __rt_heap_expand                         0x080002eb   Thumb Code     2  heapauxi.o(.text)
    __aeabi_errno_addr                       0x080002ed   Thumb Code     8  rt_errno_addr_intlibspace.o(.text)
    __errno$intlibspace                      0x080002ed   Thumb Code     0  rt_errno_addr_intlibspace.o(.text)
    __rt_errno_addr$intlibspace              0x080002ed   Thumb Code     0  rt_errno_addr_intlibspace.o(.text)
    _printf_pre_padding                      0x080002f5   Thumb Code    44  _printf_pad.o(.text)
    _printf_post_padding                     0x08000321   Thumb Code    34  _printf_pad.o(.text)
    _printf_truncate_signed                  0x08000343   Thumb Code    18  _printf_truncate.o(.text)
    _printf_truncate_unsigned                0x08000355   Thumb Code    18  _printf_truncate.o(.text)
    _printf_str                              0x08000367   Thumb Code    82  _printf_str.o(.text)
    _printf_int_dec                          0x080003b9   Thumb Code   104  _printf_dec.o(.text)
    _printf_charcount                        0x08000431   Thumb Code    40  _printf_charcount.o(.text)
    _printf_char_common                      0x08000463   Thumb Code    32  _printf_char_common.o(.text)
    _sputc                                   0x08000489   Thumb Code    10  _sputc.o(.text)
    _printf_wctomb                           0x08000495   Thumb Code   182  _printf_wctomb.o(.text)
    _printf_longlong_dec                     0x08000551   Thumb Code   108  _printf_longlong_dec.o(.text)
    _printf_longlong_oct                     0x080005cd   Thumb Code    68  _printf_oct_int_ll.o(.text)
    _printf_int_oct                          0x08000611   Thumb Code    24  _printf_oct_int_ll.o(.text)
    _printf_ll_oct                           0x08000629   Thumb Code    12  _printf_oct_int_ll.o(.text)
    _printf_longlong_hex                     0x0800063d   Thumb Code    86  _printf_hex_int_ll_ptr.o(.text)
    _printf_int_hex                          0x08000693   Thumb Code    28  _printf_hex_int_ll_ptr.o(.text)
    _printf_ll_hex                           0x080006af   Thumb Code    12  _printf_hex_int_ll_ptr.o(.text)
    _printf_hex_ptr                          0x080006bb   Thumb Code    18  _printf_hex_int_ll_ptr.o(.text)
    __printf                                 0x080006d1   Thumb Code   388  __printf_flags_ss_wp.o(.text)
    strtol                                   0x08000859   Thumb Code   112  strtol.o(.text)
    __user_libspace                          0x080008c9   Thumb Code     8  libspace.o(.text)
    __user_perproc_libspace                  0x080008c9   Thumb Code     0  libspace.o(.text)
    __user_perthread_libspace                0x080008c9   Thumb Code     0  libspace.o(.text)
    __rt_ctype_table                         0x080008d1   Thumb Code    16  rt_ctype_table.o(.text)
    _ll_udiv10                               0x080008e1   Thumb Code   138  lludiv10.o(.text)
    _printf_int_common                       0x0800096b   Thumb Code   178  _printf_intcommon.o(.text)
    _printf_fp_dec_real                      0x08000bcd   Thumb Code   620  _printf_fp_dec.o(.text)
    _printf_fp_hex_real                      0x08000e39   Thumb Code   756  _printf_fp_hex.o(.text)
    _printf_cs_common                        0x08001135   Thumb Code    20  _printf_char.o(.text)
    _printf_char                             0x08001149   Thumb Code    16  _printf_char.o(.text)
    _printf_string                           0x08001159   Thumb Code     8  _printf_char.o(.text)
    _printf_lcs_common                       0x08001161   Thumb Code    20  _printf_wchar.o(.text)
    _printf_wchar                            0x08001175   Thumb Code    16  _printf_wchar.o(.text)
    _printf_wstring                          0x08001185   Thumb Code     8  _printf_wchar.o(.text)
    _strtoul                                 0x0800118d   Thumb Code   158  _strtoul.o(.text)
    _c16rtomb                                0x0800122b   Thumb Code    72  _c16rtomb.o(.text)
    _wcrtomb                                 0x0800122b   Thumb Code     0  _c16rtomb.o(.text)
    __user_setup_stackheap                   0x08001273   Thumb Code    74  sys_stackheap_outer.o(.text)
    __rt_locale                              0x080012bd   Thumb Code     8  rt_locale_intlibspace.o(.text)
    _printf_fp_infnan                        0x080012c5   Thumb Code   112  _printf_fp_infnan.o(.text)
    _chval                                   0x08001345   Thumb Code    28  _chval.o(.text)
    _btod_etento                             0x08001361   Thumb Code   224  bigflt0.o(.text)
    exit                                     0x08001445   Thumb Code    18  exit.o(.text)
    _sys_exit                                0x08001459   Thumb Code     8  sys_exit.o(.text)
    __I$use$semihosting                      0x08001465   Thumb Code     0  use_no_semi.o(.text)
    __use_no_semihosting_swi                 0x08001465   Thumb Code     2  use_no_semi.o(.text)
    __semihosting_library_function           0x08001467   Thumb Code     0  indicate_semi.o(.text)
    strcmp                                   0x08001469   Thumb Code   128  strcmpv7m.o(.text)
    Delay_ms                                 0x080014e9   Thumb Code   114  mydelay.o(.text.Delay_ms)
    PID_Controller                           0x0800155d   Thumb Code   478  mypid.o(.text.PID_Controller)
    PID_setMaxOutput                         0x0800173d   Thumb Code    26  mypid.o(.text.PID_setMaxOutput)
    PinConf                                  0x08001759   Thumb Code    82  dht_labview.o(.text.PinConf)
    ReadDHT                                  0x080017ad   Thumb Code   212  dht_labview.o(.text.ReadDHT)
    SendStart                                0x08001881   Thumb Code   102  dht_labview.o(.text.SendStart)
    SysClkConf_72MHz                         0x08001a15   Thumb Code   200  mysystemclockconfig.o(.text.SysClkConf_72MHz)
    SystemInit                               0x08001add   Thumb Code   102  system_stm32f10x.o(.text.SystemInit)
    USART1_IRQHandler                        0x08001b45   Thumb Code   324  dht_labview.o(.text.USART1_IRQHandler)
    convertStringToDecimal                   0x08001cfd   Thumb Code    34  dht_labview.o(.text.convertStringToDecimal)
    convertToFormattedString                 0x08001d21   Thumb Code    78  dht_labview.o(.text.convertToFormattedString)
    main                                     0x08001d71   Thumb Code   652  dht_labview.o(.text.main)
    myPWM_Config                             0x08001ffd   Thumb Code   172  mypwm.o(.text.myPWM_Config)
    myUART_Config                            0x080020a9   Thumb Code   140  myuart.o(.text.myUART_Config)
    setDutyCircle                            0x08002135   Thumb Code    24  mypwm.o(.text.setDutyCircle)
    uart_transmit_data                       0x0800214d   Thumb Code    92  myuart.o(.text.uart_transmit_data)
    _btod_d2e                                0x080021a9   Thumb Code    62  btod.o(CL$$btod_d2e)
    _d2e_denorm_low                          0x080021e7   Thumb Code    70  btod.o(CL$$btod_d2e_denorm_low)
    _d2e_norm_op1                            0x0800222d   Thumb Code    96  btod.o(CL$$btod_d2e_norm_op1)
    __btod_div_common                        0x0800228d   Thumb Code   696  btod.o(CL$$btod_div_common)
    _e2e                                     0x080025c5   Thumb Code   220  btod.o(CL$$btod_e2e)
    _btod_ediv                               0x080026a1   Thumb Code    42  btod.o(CL$$btod_ediv)
    _btod_emul                               0x080026cb   Thumb Code    42  btod.o(CL$$btod_emul)
    __btod_mult_common                       0x080026f5   Thumb Code   580  btod.o(CL$$btod_mult_common)
    __ARM_fpclassify                         0x08002939   Thumb Code    40  fpclassify.o(i.__ARM_fpclassify)
    _is_digit                                0x08002961   Thumb Code    14  __printf_wp.o(i._is_digit)
    _get_lc_ctype                            0x08002971   Thumb Code    44  lc_ctype_c.o(locale$$code)
    _get_lc_numeric                          0x0800299d   Thumb Code    44  lc_numeric_c.o(locale$$code)
    __aeabi_dadd                             0x080029c9   Thumb Code     0  daddsub_clz.o(x$fpl$dadd)
    _dadd                                    0x080029c9   Thumb Code   332  daddsub_clz.o(x$fpl$dadd)
    __fpl_dcmp_Inf                           0x08002b19   Thumb Code    24  dcmpi.o(x$fpl$dcmpinf)
    __aeabi_ddiv                             0x08002b31   Thumb Code     0  ddiv.o(x$fpl$ddiv)
    _ddiv                                    0x08002b31   Thumb Code   556  ddiv.o(x$fpl$ddiv)
    __aeabi_cdcmpeq                          0x08002de5   Thumb Code     0  deqf.o(x$fpl$deqf)
    _dcmpeq                                  0x08002de5   Thumb Code   120  deqf.o(x$fpl$deqf)
    __aeabi_d2iz                             0x08002e5d   Thumb Code     0  dfix.o(x$fpl$dfix)
    _dfix                                    0x08002e5d   Thumb Code    94  dfix.o(x$fpl$dfix)
    __aeabi_i2d                              0x08002ebb   Thumb Code     0  dflt_clz.o(x$fpl$dflt)
    _dflt                                    0x08002ebb   Thumb Code    46  dflt_clz.o(x$fpl$dflt)
    __aeabi_ui2d                             0x08002ee9   Thumb Code     0  dflt_clz.o(x$fpl$dfltu)
    _dfltu                                   0x08002ee9   Thumb Code    38  dflt_clz.o(x$fpl$dfltu)
    __aeabi_cdcmpge                          0x08002f11   Thumb Code     0  dgeqf.o(x$fpl$dgeqf)
    _dcmpge                                  0x08002f11   Thumb Code   120  dgeqf.o(x$fpl$dgeqf)
    __aeabi_cdcmple                          0x08002f89   Thumb Code     0  dleqf.o(x$fpl$dleqf)
    _dcmple                                  0x08002f89   Thumb Code   120  dleqf.o(x$fpl$dleqf)
    __fpl_dcmple_InfNaN                      0x08002feb   Thumb Code     0  dleqf.o(x$fpl$dleqf)
    __aeabi_dmul                             0x08003001   Thumb Code     0  dmul.o(x$fpl$dmul)
    _dmul                                    0x08003001   Thumb Code   332  dmul.o(x$fpl$dmul)
    __fpl_dnaninf                            0x08003155   Thumb Code   156  dnaninf.o(x$fpl$dnaninf)
    __fpl_dretinf                            0x080031f1   Thumb Code    12  dretinf.o(x$fpl$dretinf)
    __aeabi_dsub                             0x080031fd   Thumb Code     0  daddsub_clz.o(x$fpl$dsub)
    _dsub                                    0x080031fd   Thumb Code   472  daddsub_clz.o(x$fpl$dsub)
    __aeabi_dcmpeq                           0x080033d9   Thumb Code     0  dcmp.o(x$fpl$fcmp)
    _deq                                     0x080033d9   Thumb Code    14  dcmp.o(x$fpl$fcmp)
    _dneq                                    0x080033e7   Thumb Code    14  dcmp.o(x$fpl$fcmp)
    __aeabi_dcmpgt                           0x080033f5   Thumb Code     0  dcmp.o(x$fpl$fcmp)
    _dgr                                     0x080033f5   Thumb Code    14  dcmp.o(x$fpl$fcmp)
    __aeabi_dcmpge                           0x08003403   Thumb Code     0  dcmp.o(x$fpl$fcmp)
    _dgeq                                    0x08003403   Thumb Code    14  dcmp.o(x$fpl$fcmp)
    __aeabi_dcmple                           0x08003411   Thumb Code     0  dcmp.o(x$fpl$fcmp)
    _dleq                                    0x08003411   Thumb Code    14  dcmp.o(x$fpl$fcmp)
    __aeabi_dcmplt                           0x0800341f   Thumb Code     0  dcmp.o(x$fpl$fcmp)
    _dls                                     0x0800341f   Thumb Code    14  dcmp.o(x$fpl$fcmp)
    _printf_fp_dec                           0x0800342d   Thumb Code     4  printf1.o(x$fpl$printf1)
    _printf_fp_hex                           0x08003431   Thumb Code     4  printf2.o(x$fpl$printf2)
    __I$use$fp                               0x08003434   Number         0  usenofp.o(x$fpl$usenofp)
    Region$$Table$$Base                      0x08003554   Number         0  anon$$obj.o(Region$$Table)
    Region$$Table$$Limit                     0x08003574   Number         0  anon$$obj.o(Region$$Table)
    __ctype                                  0x08003581   Data           0  lc_ctype_c.o(locale$$data)
    __libspace_start                         0x20000010   Data          96  libspace.o(.bss)
    __temporary_stack_top$libspace           0x20000070   Data           0  libspace.o(.bss)



==============================================================================

Memory Map of the image

  Image Entry point : 0x08000261

  Load Region LR_1 (Base: 0x08000000, Size: 0x000036b0, Max: 0xffffffff, ABSOLUTE)

    Execution Region ER_RO (Exec base: 0x08000000, Load base: 0x08000000, Size: 0x000036a0, Max: 0xffffffff, ABSOLUTE)

    Exec Addr    Load Addr    Size         Type   Attr      Idx    E Section Name        Object

    0x08000000   0x08000000   0x000000ec   Data   RO          144    RESET               startup_stm32f10x_md.o
    0x080000ec   0x080000ec   0x00000008   Code   RO          240  * !!!main             c_w.l(__main.o)
    0x080000f4   0x080000f4   0x0000005c   Code   RO          678    !!!scatter          c_w.l(__scatter.o)
    0x08000150   0x08000150   0x0000001a   Code   RO          682    !!handler_copy      c_w.l(__scatter_copy.o)
    0x0800016a   0x0800016a   0x00000002   PAD
    0x0800016c   0x0800016c   0x00000002   Code   RO          679    !!handler_null      c_w.l(__scatter.o)
    0x0800016e   0x0800016e   0x00000002   PAD
    0x08000170   0x08000170   0x0000001c   Code   RO          684    !!handler_zi        c_w.l(__scatter_zi.o)
    0x0800018c   0x0800018c   0x00000000   Code   RO          380    .ARM.Collect$$_printf_percent$$00000000  c_w.l(_printf_percent.o)
    0x0800018c   0x0800018c   0x00000006   Code   RO          369    .ARM.Collect$$_printf_percent$$00000001  c_w.l(_printf_n.o)
    0x08000192   0x08000192   0x00000006   Code   RO          371    .ARM.Collect$$_printf_percent$$00000002  c_w.l(_printf_p.o)
    0x08000198   0x08000198   0x00000006   Code   RO          376    .ARM.Collect$$_printf_percent$$00000003  c_w.l(_printf_f.o)
    0x0800019e   0x0800019e   0x00000006   Code   RO          377    .ARM.Collect$$_printf_percent$$00000004  c_w.l(_printf_e.o)
    0x080001a4   0x080001a4   0x00000006   Code   RO          378    .ARM.Collect$$_printf_percent$$00000005  c_w.l(_printf_g.o)
    0x080001aa   0x080001aa   0x00000006   Code   RO          379    .ARM.Collect$$_printf_percent$$00000006  c_w.l(_printf_a.o)
    0x080001b0   0x080001b0   0x0000000a   Code   RO          384    .ARM.Collect$$_printf_percent$$00000007  c_w.l(_printf_ll.o)
    0x080001ba   0x080001ba   0x00000006   Code   RO          373    .ARM.Collect$$_printf_percent$$00000008  c_w.l(_printf_i.o)
    0x080001c0   0x080001c0   0x00000006   Code   RO          374    .ARM.Collect$$_printf_percent$$00000009  c_w.l(_printf_d.o)
    0x080001c6   0x080001c6   0x00000006   Code   RO          375    .ARM.Collect$$_printf_percent$$0000000A  c_w.l(_printf_u.o)
    0x080001cc   0x080001cc   0x00000006   Code   RO          372    .ARM.Collect$$_printf_percent$$0000000B  c_w.l(_printf_o.o)
    0x080001d2   0x080001d2   0x00000006   Code   RO          370    .ARM.Collect$$_printf_percent$$0000000C  c_w.l(_printf_x.o)
    0x080001d8   0x080001d8   0x00000006   Code   RO          381    .ARM.Collect$$_printf_percent$$0000000D  c_w.l(_printf_lli.o)
    0x080001de   0x080001de   0x00000006   Code   RO          382    .ARM.Collect$$_printf_percent$$0000000E  c_w.l(_printf_lld.o)
    0x080001e4   0x080001e4   0x00000006   Code   RO          383    .ARM.Collect$$_printf_percent$$0000000F  c_w.l(_printf_llu.o)
    0x080001ea   0x080001ea   0x00000006   Code   RO          388    .ARM.Collect$$_printf_percent$$00000010  c_w.l(_printf_llo.o)
    0x080001f0   0x080001f0   0x00000006   Code   RO          389    .ARM.Collect$$_printf_percent$$00000011  c_w.l(_printf_llx.o)
    0x080001f6   0x080001f6   0x0000000a   Code   RO          385    .ARM.Collect$$_printf_percent$$00000012  c_w.l(_printf_l.o)
    0x08000200   0x08000200   0x00000006   Code   RO          367    .ARM.Collect$$_printf_percent$$00000013  c_w.l(_printf_c.o)
    0x08000206   0x08000206   0x00000006   Code   RO          368    .ARM.Collect$$_printf_percent$$00000014  c_w.l(_printf_s.o)
    0x0800020c   0x0800020c   0x00000006   Code   RO          386    .ARM.Collect$$_printf_percent$$00000015  c_w.l(_printf_lc.o)
    0x08000212   0x08000212   0x00000006   Code   RO          387    .ARM.Collect$$_printf_percent$$00000016  c_w.l(_printf_ls.o)
    0x08000218   0x08000218   0x00000004   Code   RO          462    .ARM.Collect$$_printf_percent$$00000017  c_w.l(_printf_percent_end.o)
    0x0800021c   0x0800021c   0x00000002   Code   RO          594    .ARM.Collect$$libinit$$00000000  c_w.l(libinit.o)
    0x0800021e   0x0800021e   0x00000000   Code   RO          479    .ARM.Collect$$libinit$$00000002  c_w.l(libinit2.o)
    0x0800021e   0x0800021e   0x00000000   Code   RO          481    .ARM.Collect$$libinit$$00000004  c_w.l(libinit2.o)
    0x0800021e   0x0800021e   0x00000000   Code   RO          483    .ARM.Collect$$libinit$$00000006  c_w.l(libinit2.o)
    0x0800021e   0x0800021e   0x00000000   Code   RO          486    .ARM.Collect$$libinit$$0000000C  c_w.l(libinit2.o)
    0x0800021e   0x0800021e   0x00000000   Code   RO          488    .ARM.Collect$$libinit$$0000000E  c_w.l(libinit2.o)
    0x0800021e   0x0800021e   0x00000000   Code   RO          490    .ARM.Collect$$libinit$$00000010  c_w.l(libinit2.o)
    0x0800021e   0x0800021e   0x00000006   Code   RO          491    .ARM.Collect$$libinit$$00000011  c_w.l(libinit2.o)
    0x08000224   0x08000224   0x00000000   Code   RO          493    .ARM.Collect$$libinit$$00000013  c_w.l(libinit2.o)
    0x08000224   0x08000224   0x0000000c   Code   RO          494    .ARM.Collect$$libinit$$00000014  c_w.l(libinit2.o)
    0x08000230   0x08000230   0x00000000   Code   RO          495    .ARM.Collect$$libinit$$00000015  c_w.l(libinit2.o)
    0x08000230   0x08000230   0x00000000   Code   RO          497    .ARM.Collect$$libinit$$00000017  c_w.l(libinit2.o)
    0x08000230   0x08000230   0x0000000a   Code   RO          498    .ARM.Collect$$libinit$$00000018  c_w.l(libinit2.o)
    0x0800023a   0x0800023a   0x00000000   Code   RO          499    .ARM.Collect$$libinit$$00000019  c_w.l(libinit2.o)
    0x0800023a   0x0800023a   0x00000000   Code   RO          501    .ARM.Collect$$libinit$$0000001B  c_w.l(libinit2.o)
    0x0800023a   0x0800023a   0x00000000   Code   RO          503    .ARM.Collect$$libinit$$0000001D  c_w.l(libinit2.o)
    0x0800023a   0x0800023a   0x00000000   Code   RO          505    .ARM.Collect$$libinit$$0000001F  c_w.l(libinit2.o)
    0x0800023a   0x0800023a   0x00000000   Code   RO          507    .ARM.Collect$$libinit$$00000021  c_w.l(libinit2.o)
    0x0800023a   0x0800023a   0x00000000   Code   RO          509    .ARM.Collect$$libinit$$00000023  c_w.l(libinit2.o)
    0x0800023a   0x0800023a   0x00000000   Code   RO          511    .ARM.Collect$$libinit$$00000025  c_w.l(libinit2.o)
    0x0800023a   0x0800023a   0x00000000   Code   RO          513    .ARM.Collect$$libinit$$00000027  c_w.l(libinit2.o)
    0x0800023a   0x0800023a   0x00000000   Code   RO          517    .ARM.Collect$$libinit$$0000002E  c_w.l(libinit2.o)
    0x0800023a   0x0800023a   0x00000000   Code   RO          519    .ARM.Collect$$libinit$$00000030  c_w.l(libinit2.o)
    0x0800023a   0x0800023a   0x00000000   Code   RO          521    .ARM.Collect$$libinit$$00000032  c_w.l(libinit2.o)
    0x0800023a   0x0800023a   0x00000000   Code   RO          523    .ARM.Collect$$libinit$$00000034  c_w.l(libinit2.o)
    0x0800023a   0x0800023a   0x00000002   Code   RO          524    .ARM.Collect$$libinit$$00000035  c_w.l(libinit2.o)
    0x0800023c   0x0800023c   0x00000002   Code   RO          675    .ARM.Collect$$libshutdown$$00000000  c_w.l(libshutdown.o)
    0x0800023e   0x0800023e   0x00000000   Code   RO          627    .ARM.Collect$$libshutdown$$00000002  c_w.l(libshutdown2.o)
    0x0800023e   0x0800023e   0x00000000   Code   RO          629    .ARM.Collect$$libshutdown$$00000004  c_w.l(libshutdown2.o)
    0x0800023e   0x0800023e   0x00000000   Code   RO          632    .ARM.Collect$$libshutdown$$00000007  c_w.l(libshutdown2.o)
    0x0800023e   0x0800023e   0x00000000   Code   RO          635    .ARM.Collect$$libshutdown$$0000000A  c_w.l(libshutdown2.o)
    0x0800023e   0x0800023e   0x00000000   Code   RO          637    .ARM.Collect$$libshutdown$$0000000C  c_w.l(libshutdown2.o)
    0x0800023e   0x0800023e   0x00000000   Code   RO          640    .ARM.Collect$$libshutdown$$0000000F  c_w.l(libshutdown2.o)
    0x0800023e   0x0800023e   0x00000002   Code   RO          641    .ARM.Collect$$libshutdown$$00000010  c_w.l(libshutdown2.o)
    0x08000240   0x08000240   0x00000000   Code   RO          268    .ARM.Collect$$rtentry$$00000000  c_w.l(__rtentry.o)
    0x08000240   0x08000240   0x00000000   Code   RO          419    .ARM.Collect$$rtentry$$00000002  c_w.l(__rtentry2.o)
    0x08000240   0x08000240   0x00000006   Code   RO          431    .ARM.Collect$$rtentry$$00000004  c_w.l(__rtentry4.o)
    0x08000246   0x08000246   0x00000000   Code   RO          421    .ARM.Collect$$rtentry$$00000009  c_w.l(__rtentry2.o)
    0x08000246   0x08000246   0x00000004   Code   RO          422    .ARM.Collect$$rtentry$$0000000A  c_w.l(__rtentry2.o)
    0x0800024a   0x0800024a   0x00000000   Code   RO          424    .ARM.Collect$$rtentry$$0000000C  c_w.l(__rtentry2.o)
    0x0800024a   0x0800024a   0x00000008   Code   RO          425    .ARM.Collect$$rtentry$$0000000D  c_w.l(__rtentry2.o)
    0x08000252   0x08000252   0x00000002   Code   RO          608    .ARM.Collect$$rtexit$$00000000  c_w.l(rtexit.o)
    0x08000254   0x08000254   0x00000000   Code   RO          647    .ARM.Collect$$rtexit$$00000002  c_w.l(rtexit2.o)
    0x08000254   0x08000254   0x00000004   Code   RO          648    .ARM.Collect$$rtexit$$00000003  c_w.l(rtexit2.o)
    0x08000258   0x08000258   0x00000006   Code   RO          649    .ARM.Collect$$rtexit$$00000004  c_w.l(rtexit2.o)
    0x0800025e   0x0800025e   0x00000002   PAD
    0x08000260   0x08000260   0x00000040   Code   RO          145  * .text               startup_stm32f10x_md.o
    0x080002a0   0x080002a0   0x0000002c   Code   RO          228    .text               c_w.l(sprintf.o)
    0x080002cc   0x080002cc   0x0000001a   Code   RO          230    .text               c_w.l(atoi.o)
    0x080002e6   0x080002e6   0x00000006   Code   RO          238    .text               c_w.l(heapauxi.o)
    0x080002ec   0x080002ec   0x00000008   Code   RO          277    .text               c_w.l(rt_errno_addr_intlibspace.o)
    0x080002f4   0x080002f4   0x0000004e   Code   RO          301    .text               c_w.l(_printf_pad.o)
    0x08000342   0x08000342   0x00000024   Code   RO          303    .text               c_w.l(_printf_truncate.o)
    0x08000366   0x08000366   0x00000052   Code   RO          305    .text               c_w.l(_printf_str.o)
    0x080003b8   0x080003b8   0x00000078   Code   RO          307    .text               c_w.l(_printf_dec.o)
    0x08000430   0x08000430   0x00000028   Code   RO          309    .text               c_w.l(_printf_charcount.o)
    0x08000458   0x08000458   0x00000030   Code   RO          311    .text               c_w.l(_printf_char_common.o)
    0x08000488   0x08000488   0x0000000a   Code   RO          313    .text               c_w.l(_sputc.o)
    0x08000492   0x08000492   0x00000002   PAD
    0x08000494   0x08000494   0x000000bc   Code   RO          315    .text               c_w.l(_printf_wctomb.o)
    0x08000550   0x08000550   0x0000007c   Code   RO          318    .text               c_w.l(_printf_longlong_dec.o)
    0x080005cc   0x080005cc   0x00000070   Code   RO          324    .text               c_w.l(_printf_oct_int_ll.o)
    0x0800063c   0x0800063c   0x00000094   Code   RO          344    .text               c_w.l(_printf_hex_int_ll_ptr.o)
    0x080006d0   0x080006d0   0x00000188   Code   RO          364    .text               c_w.l(__printf_flags_ss_wp.o)
    0x08000858   0x08000858   0x00000070   Code   RO          390    .text               c_w.l(strtol.o)
    0x080008c8   0x080008c8   0x00000008   Code   RO          415    .text               c_w.l(libspace.o)
    0x080008d0   0x080008d0   0x00000010   Code   RO          433    .text               c_w.l(rt_ctype_table.o)
    0x080008e0   0x080008e0   0x0000008a   Code   RO          445    .text               c_w.l(lludiv10.o)
    0x0800096a   0x0800096a   0x000000b2   Code   RO          447    .text               c_w.l(_printf_intcommon.o)
    0x08000a1c   0x08000a1c   0x0000041c   Code   RO          449    .text               c_w.l(_printf_fp_dec.o)
    0x08000e38   0x08000e38   0x000002fc   Code   RO          453    .text               c_w.l(_printf_fp_hex.o)
    0x08001134   0x08001134   0x0000002c   Code   RO          458    .text               c_w.l(_printf_char.o)
    0x08001160   0x08001160   0x0000002c   Code   RO          460    .text               c_w.l(_printf_wchar.o)
    0x0800118c   0x0800118c   0x0000009e   Code   RO          463    .text               c_w.l(_strtoul.o)
    0x0800122a   0x0800122a   0x00000048   Code   RO          465    .text               c_w.l(_c16rtomb.o)
    0x08001272   0x08001272   0x0000004a   Code   RO          531    .text               c_w.l(sys_stackheap_outer.o)
    0x080012bc   0x080012bc   0x00000008   Code   RO          538    .text               c_w.l(rt_locale_intlibspace.o)
    0x080012c4   0x080012c4   0x00000080   Code   RO          544    .text               c_w.l(_printf_fp_infnan.o)
    0x08001344   0x08001344   0x0000001c   Code   RO          546    .text               c_w.l(_chval.o)
    0x08001360   0x08001360   0x000000e4   Code   RO          548    .text               c_w.l(bigflt0.o)
    0x08001444   0x08001444   0x00000012   Code   RO          581    .text               c_w.l(exit.o)
    0x08001456   0x08001456   0x00000002   PAD
    0x08001458   0x08001458   0x0000000c   Code   RO          601    .text               c_w.l(sys_exit.o)
    0x08001464   0x08001464   0x00000002   Code   RO          605    .text               c_w.l(use_no_semi.o)
    0x08001466   0x08001466   0x00000000   Code   RO          607    .text               c_w.l(indicate_semi.o)
    0x08001466   0x08001466   0x00000002   PAD
    0x08001468   0x08001468   0x00000080   Code   RO          620    .text               c_w.l(strcmpv7m.o)
    0x080014e8   0x080014e8   0x00000072   Code   RO           12    .text.Delay_ms      mydelay.o
    0x0800155a   0x0800155a   0x00000002   PAD
    0x0800155c   0x0800155c   0x000001de   Code   RO           38    .text.PID_Controller  mypid.o
    0x0800173a   0x0800173a   0x00000002   PAD
    0x0800173c   0x0800173c   0x0000001a   Code   RO           36    .text.PID_setMaxOutput  mypid.o
    0x08001756   0x08001756   0x00000002   PAD
    0x08001758   0x08001758   0x00000052   Code   RO          102    .text.PinConf       dht_labview.o
    0x080017aa   0x080017aa   0x00000002   PAD
    0x080017ac   0x080017ac   0x000000d4   Code   RO          106    .text.ReadDHT       dht_labview.o
    0x08001880   0x08001880   0x00000066   Code   RO          104    .text.SendStart     dht_labview.o
    0x080018e6   0x080018e6   0x00000002   PAD
    0x080018e8   0x080018e8   0x00000008   Code   RO          154    .text.SetSysClock   system_stm32f10x.o
    0x080018f0   0x080018f0   0x00000122   Code   RO          158    .text.SetSysClockTo72  system_stm32f10x.o
    0x08001a12   0x08001a12   0x00000002   PAD
    0x08001a14   0x08001a14   0x000000c8   Code   RO            2    .text.SysClkConf_72MHz  mysystemclockconfig.o
    0x08001adc   0x08001adc   0x00000066   Code   RO          152    .text.SystemInit    system_stm32f10x.o
    0x08001b42   0x08001b42   0x00000002   PAD
    0x08001b44   0x08001b44   0x00000144   Code   RO          112    .text.USART1_IRQHandler  dht_labview.o
    0x08001c88   0x08001c88   0x00000030   Code   RO           25    .text.__NVIC_EnableIRQ  myuart.o
    0x08001cb8   0x08001cb8   0x00000042   Code   RO           23    .text.__NVIC_SetPriority  myuart.o
    0x08001cfa   0x08001cfa   0x00000002   PAD
    0x08001cfc   0x08001cfc   0x00000022   Code   RO          110    .text.convertStringToDecimal  dht_labview.o
    0x08001d1e   0x08001d1e   0x00000002   PAD
    0x08001d20   0x08001d20   0x0000004e   Code   RO          108    .text.convertToFormattedString  dht_labview.o
    0x08001d6e   0x08001d6e   0x00000002   PAD
    0x08001d70   0x08001d70   0x0000028c   Code   RO          100    .text.main          dht_labview.o
    0x08001ffc   0x08001ffc   0x000000ac   Code   RO           55    .text.myPWM_Config  mypwm.o
    0x080020a8   0x080020a8   0x0000008c   Code   RO           21    .text.myUART_Config  myuart.o
    0x08002134   0x08002134   0x00000018   Code   RO           57    .text.setDutyCircle  mypwm.o
    0x0800214c   0x0800214c   0x0000005c   Code   RO           27    .text.uart_transmit_data  myuart.o
    0x080021a8   0x080021a8   0x0000003e   Code   RO          551    CL$$btod_d2e        c_w.l(btod.o)
    0x080021e6   0x080021e6   0x00000046   Code   RO          553    CL$$btod_d2e_denorm_low  c_w.l(btod.o)
    0x0800222c   0x0800222c   0x00000060   Code   RO          552    CL$$btod_d2e_norm_op1  c_w.l(btod.o)
    0x0800228c   0x0800228c   0x00000338   Code   RO          561    CL$$btod_div_common  c_w.l(btod.o)
    0x080025c4   0x080025c4   0x000000dc   Code   RO          558    CL$$btod_e2e        c_w.l(btod.o)
    0x080026a0   0x080026a0   0x0000002a   Code   RO          555    CL$$btod_ediv       c_w.l(btod.o)
    0x080026ca   0x080026ca   0x0000002a   Code   RO          554    CL$$btod_emul       c_w.l(btod.o)
    0x080026f4   0x080026f4   0x00000244   Code   RO          560    CL$$btod_mult_common  c_w.l(btod.o)
    0x08002938   0x08002938   0x00000028   Code   RO          599    i.__ARM_fpclassify  m_ws.l(fpclassify.o)
    0x08002960   0x08002960   0x0000000e   Code   RO          357    i._is_digit         c_w.l(__printf_wp.o)
    0x0800296e   0x0800296e   0x00000002   PAD
    0x08002970   0x08002970   0x0000002c   Code   RO          576    locale$$code        c_w.l(lc_ctype_c.o)
    0x0800299c   0x0800299c   0x0000002c   Code   RO          579    locale$$code        c_w.l(lc_numeric_c.o)
    0x080029c8   0x080029c8   0x00000150   Code   RO          242    x$fpl$dadd          fz_ws.l(daddsub_clz.o)
    0x08002b18   0x08002b18   0x00000018   Code   RO          525    x$fpl$dcmpinf       fz_ws.l(dcmpi.o)
    0x08002b30   0x08002b30   0x000002b4   Code   RO          251    x$fpl$ddiv          fz_ws.l(ddiv.o)
    0x08002de4   0x08002de4   0x00000078   Code   RO          396    x$fpl$deqf          fz_ws.l(deqf.o)
    0x08002e5c   0x08002e5c   0x0000005e   Code   RO          254    x$fpl$dfix          fz_ws.l(dfix.o)
    0x08002eba   0x08002eba   0x0000002e   Code   RO          259    x$fpl$dflt          fz_ws.l(dflt_clz.o)
    0x08002ee8   0x08002ee8   0x00000026   Code   RO          258    x$fpl$dfltu         fz_ws.l(dflt_clz.o)
    0x08002f0e   0x08002f0e   0x00000002   PAD
    0x08002f10   0x08002f10   0x00000078   Code   RO          398    x$fpl$dgeqf         fz_ws.l(dgeqf.o)
    0x08002f88   0x08002f88   0x00000078   Code   RO          400    x$fpl$dleqf         fz_ws.l(dleqf.o)
    0x08003000   0x08003000   0x00000154   Code   RO          264    x$fpl$dmul          fz_ws.l(dmul.o)
    0x08003154   0x08003154   0x0000009c   Code   RO          402    x$fpl$dnaninf       fz_ws.l(dnaninf.o)
    0x080031f0   0x080031f0   0x0000000c   Code   RO          404    x$fpl$dretinf       fz_ws.l(dretinf.o)
    0x080031fc   0x080031fc   0x000001dc   Code   RO          244    x$fpl$dsub          fz_ws.l(daddsub_clz.o)
    0x080033d8   0x080033d8   0x00000054   Code   RO          248    x$fpl$fcmp          fz_ws.l(dcmp.o)
    0x0800342c   0x0800342c   0x00000004   Code   RO          406    x$fpl$printf1       fz_ws.l(printf1.o)
    0x08003430   0x08003430   0x00000004   Code   RO          408    x$fpl$printf2       fz_ws.l(printf2.o)
    0x08003434   0x08003434   0x00000000   Code   RO          414    x$fpl$usenofp       fz_ws.l(usenofp.o)
    0x08003434   0x08003434   0x00000008   Data   RO          316    .constdata          c_w.l(_printf_wctomb.o)
    0x0800343c   0x0800343c   0x00000028   Data   RO          345    .constdata          c_w.l(_printf_hex_int_ll_ptr.o)
    0x08003464   0x08003464   0x00000011   Data   RO          365    .constdata          c_w.l(__printf_flags_ss_wp.o)
    0x08003475   0x08003475   0x00000026   Data   RO          454    .constdata          c_w.l(_printf_fp_hex.o)
    0x0800349b   0x0800349b   0x00000001   PAD
    0x0800349c   0x0800349c   0x00000094   Data   RO          549    .constdata          c_w.l(bigflt0.o)
    0x08003530   0x08003530   0x00000023   Data   RO          129    .rodata.str1.1      dht_labview.o
    0x08003553   0x08003553   0x00000001   PAD
    0x08003554   0x08003554   0x00000020   Data   RO          677    Region$$Table       anon$$obj.o
    0x08003574   0x08003574   0x00000110   Data   RO          575    locale$$data        c_w.l(lc_ctype_c.o)
    0x08003684   0x08003684   0x0000001c   Data   RO          578    locale$$data        c_w.l(lc_numeric_c.o)


    Execution Region ER_RW (Exec base: 0x20000000, Load base: 0x080036a0, Size: 0x00000010, Max: 0xffffffff, ABSOLUTE)

    Exec Addr    Load Addr    Size         Type   Attr      Idx    E Section Name        Object

    0x20000000   0x080036a0   0x00000008   Data   RW          127    .data.humid_setpoint  dht_labview.o
    0x20000008   0x080036a8   0x00000008   Data   RW          126    .data.temp_setpoint  dht_labview.o


    Execution Region ER_ZI (Exec base: 0x20000010, Load base: 0x080036b0, Size: 0x000006e8, Max: 0xffffffff, ABSOLUTE)

    Exec Addr    Load Addr    Size         Type   Attr      Idx    E Section Name        Object

    0x20000010        -       0x00000060   Zero   RW          416    .bss                c_w.l(libspace.o)
    0x20000070        -       0x00000010   Zero   RW          122    .bss.DHT_DATA       dht_labview.o
    0x20000080        -       0x00000009   Zero   RW          128    .bss.DHT_format     dht_labview.o
    0x20000089        -       0x00000001   Zero   RW          121    .bss.checksum       dht_labview.o
    0x2000008a        -       0x00000005   Zero   RW          116    .bss.dht_data       dht_labview.o
    0x2000008f   0x080036b0   0x00000001   PAD
    0x20000090        -       0x00000002   Zero   RW           47    .bss.duty_cycle     mypid.o
    0x20000092   0x080036b0   0x00000006   PAD
    0x20000098        -       0x00000008   Zero   RW           41    .bss.error          mypid.o
    0x200000a0        -       0x00000008   Zero   RW           44    .bss.error_derivative  mypid.o
    0x200000a8        -       0x00000008   Zero   RW           43    .bss.error_integral  mypid.o
    0x200000b0        -       0x00000008   Zero   RW          124    .bss.humid          dht_labview.o
    0x200000b8        -       0x00000001   Zero   RW          118    .bss.humidity_decimal  dht_labview.o
    0x200000b9        -       0x00000001   Zero   RW          117    .bss.humidity_integer  dht_labview.o
    0x200000ba   0x080036b0   0x00000006   PAD
    0x200000c0        -       0x00000008   Zero   RW           42    .bss.last_error     mypid.o
    0x200000c8        -       0x00000008   Zero   RW           40    .bss.max_output     mypid.o
    0x200000d0        -       0x00000001   Zero   RW          125    .bss.mode_control   dht_labview.o
    0x200000d1   0x080036b0   0x00000007   PAD
    0x200000d8        -       0x00000008   Zero   RW           45    .bss.output_pid     mypid.o
    0x200000e0        -       0x00000001   Zero   RW          132    .bss.receive_flag   dht_labview.o
    0x200000e1   0x080036b0   0x00000007   PAD
    0x200000e8        -       0x00000008   Zero   RW          123    .bss.temp           dht_labview.o
    0x200000f0        -       0x00000001   Zero   RW          120    .bss.temperature_decimal  dht_labview.o
    0x200000f1        -       0x00000001   Zero   RW          119    .bss.temperature_integer  dht_labview.o
    0x200000f2        -       0x00000001   Zero   RW          131    .bss.uart_index     dht_labview.o
    0x200000f3        -       0x00000005   Zero   RW          130    .bss.uart_receive   dht_labview.o
    0x200000f8        -       0x00000200   Zero   RW          143    HEAP                startup_stm32f10x_md.o
    0x200002f8        -       0x00000400   Zero   RW          142    STACK               startup_stm32f10x_md.o


==============================================================================

Image component sizes


      Code (inc. data)   RO Data    RW Data    ZI Data      Debug   Object Name

      1484         14         35         16         59       4375   dht_labview.o
       114          0          0          0          0       1055   mydelay.o
       504          0          0          0         50       1100   mypid.o
       196          0          0          0          0       2094   mypwm.o
       200          0          0          0          0        981   mysystemclockconfig.o
       346          0          0          0          0       4148   myuart.o
        64         26        236          0       1536        852   startup_stm32f10x_md.o
       400          0          0          0          0       2896   system_stm32f10x.o

    ----------------------------------------------------------------------
      3328         40        304         16       1672      17501   Object Totals
         0          0         32          0          0          0   (incl. Generated)
        20          0          1          0         27          0   (incl. Padding)

    ----------------------------------------------------------------------

      Code (inc. data)   RO Data    RW Data    ZI Data      Debug   Library Member Name

         8          0          0          0          0         68   __main.o
       392          4         17          0          0         92   __printf_flags_ss_wp.o
        14          0          0          0          0         68   __printf_wp.o
         0          0          0          0          0          0   __rtentry.o
        12          0          0          0          0          0   __rtentry2.o
         6          0          0          0          0          0   __rtentry4.o
        94          8          0          0          0          0   __scatter.o
        26          0          0          0          0          0   __scatter_copy.o
        28          0          0          0          0          0   __scatter_zi.o
        72          0          0          0          0         96   _c16rtomb.o
        28          0          0          0          0         68   _chval.o
         6          0          0          0          0          0   _printf_a.o
         6          0          0          0          0          0   _printf_c.o
        44          0          0          0          0        108   _printf_char.o
        48          6          0          0          0         96   _printf_char_common.o
        40          0          0          0          0         68   _printf_charcount.o
         6          0          0          0          0          0   _printf_d.o
       120         16          0          0          0         92   _printf_dec.o
         6          0          0          0          0          0   _printf_e.o
         6          0          0          0          0          0   _printf_f.o
      1052          0          0          0          0        148   _printf_fp_dec.o
       764          8         38          0          0        100   _printf_fp_hex.o
       128         16          0          0          0         84   _printf_fp_infnan.o
         6          0          0          0          0          0   _printf_g.o
       148          4         40          0          0        160   _printf_hex_int_ll_ptr.o
         6          0          0          0          0          0   _printf_i.o
       178          0          0          0          0         88   _printf_intcommon.o
        10          0          0          0          0          0   _printf_l.o
         6          0          0          0          0          0   _printf_lc.o
        10          0          0          0          0          0   _printf_ll.o
         6          0          0          0          0          0   _printf_lld.o
         6          0          0          0          0          0   _printf_lli.o
         6          0          0          0          0          0   _printf_llo.o
         6          0          0          0          0          0   _printf_llu.o
         6          0          0          0          0          0   _printf_llx.o
       124         16          0          0          0         92   _printf_longlong_dec.o
         6          0          0          0          0          0   _printf_ls.o
         6          0          0          0          0          0   _printf_n.o
         6          0          0          0          0          0   _printf_o.o
       112          8          0          0          0        124   _printf_oct_int_ll.o
         6          0          0          0          0          0   _printf_p.o
        78          0          0          0          0        108   _printf_pad.o
         0          0          0          0          0          0   _printf_percent.o
         4          0          0          0          0          0   _printf_percent_end.o
         6          0          0          0          0          0   _printf_s.o
        82          0          0          0          0         80   _printf_str.o
        36          0          0          0          0         84   _printf_truncate.o
         6          0          0          0          0          0   _printf_u.o
        44          0          0          0          0        108   _printf_wchar.o
       188          6          8          0          0         92   _printf_wctomb.o
         6          0          0          0          0          0   _printf_x.o
        10          0          0          0          0         68   _sputc.o
       158          0          0          0          0         92   _strtoul.o
        26          0          0          0          0         80   atoi.o
       228          4        148          0          0         96   bigflt0.o
      1936        128          0          0          0        668   btod.o
        18          0          0          0          0         80   exit.o
         6          0          0          0          0        152   heapauxi.o
         0          0          0          0          0          0   indicate_semi.o
        44         10        272          0          0         76   lc_ctype_c.o
        44         10         28          0          0         76   lc_numeric_c.o
         2          0          0          0          0          0   libinit.o
        30          0          0          0          0          0   libinit2.o
         2          0          0          0          0          0   libshutdown.o
         2          0          0          0          0          0   libshutdown2.o
         8          4          0          0         96         68   libspace.o
       138          0          0          0          0         80   lludiv10.o
        16          4          0          0          0         76   rt_ctype_table.o
         8          4          0          0          0         68   rt_errno_addr_intlibspace.o
         8          4          0          0          0         68   rt_locale_intlibspace.o
         2          0          0          0          0          0   rtexit.o
        10          0          0          0          0          0   rtexit2.o
        44          6          0          0          0         84   sprintf.o
       128          0          0          0          0         68   strcmpv7m.o
       112          0          0          0          0         88   strtol.o
        12          4          0          0          0         68   sys_exit.o
        74          0          0          0          0         80   sys_stackheap_outer.o
         2          0          0          0          0         68   use_no_semi.o
       812         16          0          0          0        296   daddsub_clz.o
        84          0          0          0          0        196   dcmp.o
        24          0          0          0          0         68   dcmpi.o
       692        140          0          0          0        216   ddiv.o
       120          4          0          0          0         92   deqf.o
        94          4          0          0          0         92   dfix.o
        84          0          0          0          0        136   dflt_clz.o
       120          4          0          0          0         92   dgeqf.o
       120          4          0          0          0         92   dleqf.o
       340         12          0          0          0        104   dmul.o
       156          4          0          0          0         92   dnaninf.o
        12          0          0          0          0         68   dretinf.o
         4          0          0          0          0         68   printf1.o
         4          0          0          0          0         68   printf2.o
         0          0          0          0          0          0   usenofp.o
        40          0          0          0          0         68   fpclassify.o

    ----------------------------------------------------------------------
      9800        458        552          0         96       5976   Library Totals
        16          0          1          0          0          0   (incl. Padding)

    ----------------------------------------------------------------------

      Code (inc. data)   RO Data    RW Data    ZI Data      Debug   Library Name

      7078        270        551          0         96       4228   c_w.l
      2666        188          0          0          0       1680   fz_ws.l
        40          0          0          0          0         68   m_ws.l

    ----------------------------------------------------------------------
      9800        458        552          0         96       5976   Library Totals

    ----------------------------------------------------------------------

==============================================================================


      Code (inc. data)   RO Data    RW Data    ZI Data      Debug   

     13128        498        856         16       1768      20301   Grand Totals
     13128        498        856         16       1768      20301   ELF Image Totals
     13128        498        856         16          0          0   ROM Totals

==============================================================================

    Total RO  Size (Code + RO Data)                13984 (  13.66kB)
    Total RW  Size (RW Data + ZI Data)              1784 (   1.74kB)
    Total ROM Size (Code + RO Data + RW Data)      14000 (  13.67kB)

==============================================================================

