<html>
<body>
<pre>
<h1>µVision Build Log</h1>
<h2>Tool Versions:</h2>
IDE-Version: µVision V5.39.0.0
Copyright (C) 2023 ARM Ltd and ARM Germany GmbH. All rights reserved.
License Information: duc mai, abc, LIC=----
 
Tool Versions:
Toolchain:       MDK-Lite  Version: 5.39.0.0
Toolchain Path:  C:\Keil_v5\ARM\ARMCLANG\Bin
C Compiler:      ArmClang.exe V6.21
Assembler:       Armasm.exe V6.21
Linker/Locator:  ArmLink.exe V6.21
Library Manager: ArmAr.exe V6.21
Hex Converter:   FromElf.exe V6.21
CPU DLL:         SARMCM3.DLL V5.39.0.0
Dialog DLL:      DCM.DLL V1.17.5.0
Target DLL:      UL2CM3.DLL V1.164.9.0
Dialog DLL:      TCM.DLL V1.56.4.0
 
<h2>Project:</h2>
E:\UET_CN2\3_junior\HK2\co_so_do_luong\Fsoft project\project\2324II_ELT3207-Team20Project\Read_DHT_data _keil\Read_DHT_data.uvprojx
Project File Date:  05/08/2024

<h2>Output:</h2>
*** Using Compiler 'V6.21', folder: 'C:\Keil_v5\ARM\ARMCLANG\Bin'
Build target 'Target 1'
Read_DHT_data.c(1): warning: In file included from...
C:/Users/maidu/AppData/Local/Arm/Packs/Keil/STM32F1xx_DFP/2.4.1/Device/Include\stm32f10x.h(18): warning: invalid UTF-8 in comment [-Winvalid-utf8]
   18 |   *              - To use or not the peripheral<92>s drivers in application code(i.e. 
      |                                                ^
C:/Users/maidu/AppData/Local/Arm/Packs/Keil/STM32F1xx_DFP/2.4.1/Device/Include\stm32f10x.h(19): warning: invalid UTF-8 in comment [-Winvalid-utf8]
   19 |   *                code will be based on direct access to peripheral<92>s registers 
      |                                                                     ^
C:/Users/maidu/AppData/Local/Arm/Packs/Keil/STM32F1xx_DFP/2.4.1/Device/Include\stm32f10x.h(26): warning: invalid UTF-8 in comment [-Winvalid-utf8]
   26 |   *           - Macros to access peripheral<92>s registers hardware
      |                                            ^
Read_DHT_data.c(59): warning: implicit conversion changes signedness: 'int' to 'uint32_t' (aka 'unsigned int') [-Wsign-conversion]
   59 |         RCC->CR &= ~(0x01); // off HSION
      |                 ~~ ^~~~~~~
Read_DHT_data.c(76): warning: implicit conversion changes signedness: 'int' to 'uint32_t' (aka 'unsigned int') [-Wsign-conversion]
   76 |                 SysTick->CTRL &= ~(1<<0);
      |                               ~~ ^~~~~~~
Read_DHT_data.c(87): warning: implicit conversion changes signedness: 'int' to 'uint32_t' (aka 'unsigned int') [-Wsign-conversion]
   87 |                 SysTick->CTRL &= ~(1<<0);
      |                               ~~ ^~~~~~~
Read_DHT_data.c(93): warning: implicit conversion changes signedness: 'int' to 'uint32_t' (aka 'unsigned int') [-Wsign-conversion]
   93 |         GPIOA->CRL &= ~0xF;
      |                    ~~ ^~~~
Read_DHT_data.c(100): warning: implicit conversion changes signedness: 'int' to 'uint32_t' (aka 'unsigned int') [-Wsign-conversion]
  100 |         GPIOA->ODR &= ~(1<<0);
      |                    ~~ ^~~~~~~
Read_DHT_data.c(104): warning: while loop has empty body [-Wempty-body]
  104 |         while ((GPIOA->IDR & 1<<0) == 0);
      |                                         ^
Read_DHT_data.c(104): note: put the semicolon on a separate line to silence this warning
Read_DHT_data.c(122): warning: implicit conversion changes signedness: 'int' to 'uint32_t' (aka 'unsigned int') [-Wsign-conversion]
  122 |                                 SysTick->CTRL &= ~(1<<16);
      |                                               ~~ ^~~~~~~~
Read_DHT_data.c(115): warning: mixing declarations and code is incompatible with standards before C99 [-Wdeclaration-after-statement]
  115 |                 uint16_t tick_count=0;
      |                          ^
Read_DHT_data.c(148): warning: address of stack memory associated with local variable 'DHT22_Data' returned [-Wreturn-stack-address]
  148 |         return DHT22_Data;
      |                ^~~~~~~~~~
Read_DHT_data.c(169): warning: address of stack memory associated with local variable 'DHT11_Data' returned [-Wreturn-stack-address]
  169 |         return DHT11_Data;
      |                ^~~~~~~~~~
Read_DHT_data.c(170): warning: no newline at end of file [-Wnewline-eof]
  170 | }
      |  ^
Read_DHT_data.c(31): warning: unsafe buffer access [-Wunsafe-buffer-usage]
   31 |                 humid = data[1];
      |                         ^~~~
Read_DHT_data.c(136): warning: unsafe buffer access [-Wunsafe-buffer-usage]
  136 |                 dht_data[i] = ReadDHT();
      |                 ^~~~~~~~
Read_DHT_data.c(139): warning: unsafe buffer access [-Wunsafe-buffer-usage]
  139 |   humidity_decimal = dht_data[1];
      |                      ^~~~~~~~
Read_DHT_data.c(140): warning: unsafe buffer access [-Wunsafe-buffer-usage]
  140 |   temperature_integer = dht_data[2];
      |                         ^~~~~~~~
Read_DHT_data.c(141): warning: unsafe buffer access [-Wunsafe-buffer-usage]
  141 |   temperature_decimal = dht_data[3];
      |                         ^~~~~~~~
Read_DHT_data.c(142): warning: unsafe buffer access [-Wunsafe-buffer-usage]
  142 |   checksum = dht_data[4];
      |              ^~~~~~~~
Read_DHT_data.c(146): warning: unsafe buffer access [-Wunsafe-buffer-usage]
  146 |                 DHT22_Data[1] = (double)(((uint16_t)humidity_integer<<8) + (uint16_t)humidity_decimal)/10.0;
      |                 ^~~~~~~~~~
Read_DHT_data.c(157): warning: unsafe buffer access [-Wunsafe-buffer-usage]
  157 |                 dht_data[i] = ReadDHT();
      |                 ^~~~~~~~
Read_DHT_data.c(160): warning: unsafe buffer access [-Wunsafe-buffer-usage]
  160 |   humidity_decimal = dht_data[1];
      |                      ^~~~~~~~
Read_DHT_data.c(161): warning: unsafe buffer access [-Wunsafe-buffer-usage]
  161 |   temperature_integer = dht_data[2];
      |                         ^~~~~~~~
Read_DHT_data.c(162): warning: unsafe buffer access [-Wunsafe-buffer-usage]
  162 |   temperature_decimal = dht_data[3];
      |                         ^~~~~~~~
Read_DHT_data.c(163): warning: unsafe buffer access [-Wunsafe-buffer-usage]
  163 |   checksum = dht_data[4];
      |              ^~~~~~~~
26 warnings generated.
compiling Read_DHT_data.c...
RTE/Device/STM32F103C8/system_stm32f10x.c(64): warning: In file included from...
C:/Users/maidu/AppData/Local/Arm/Packs/Keil/STM32F1xx_DFP/2.4.1/Device/Include\stm32f10x.h(18): warning: invalid UTF-8 in comment [-Winvalid-utf8]
   18 |   *              - To use or not the peripheral<92>s drivers in application code(i.e. 
      |                                                ^
C:/Users/maidu/AppData/Local/Arm/Packs/Keil/STM32F1xx_DFP/2.4.1/Device/Include\stm32f10x.h(19): warning: invalid UTF-8 in comment [-Winvalid-utf8]
   19 |   *                code will be based on direct access to peripheral<92>s registers 
      |                                                                     ^
C:/Users/maidu/AppData/Local/Arm/Packs/Keil/STM32F1xx_DFP/2.4.1/Device/Include\stm32f10x.h(26): warning: invalid UTF-8 in comment [-Winvalid-utf8]
   26 |   *           - Macros to access peripheral<92>s registers hardware
      |                                            ^
RTE/Device/STM32F103C8/system_stm32f10x.c(166): warning: no previous extern declaration for non-static variable 'AHBPrescTable' [-Wmissing-variable-declarations]
  166 | __I uint8_t AHBPrescTable[16] = {0, 0, 0, 0, 0, 0, 0, 0, 1, 2, 3, 4, 6, 7, 8, 9};
      |             ^
RTE/Device/STM32F103C8/system_stm32f10x.c(166): note: declare 'static' if the variable is not intended to be used outside of this translation unit
  166 | __I uint8_t AHBPrescTable[16] = {0, 0, 0, 0, 0, 0, 0, 0, 1, 2, 3, 4, 6, 7, 8, 9};
      |     ^
RTE/Device/STM32F103C8/system_stm32f10x.c(408): warning: unsafe buffer access [-Wunsafe-buffer-usage]
  408 |   tmp = AHBPrescTable[((RCC->CFGR & RCC_CFGR_HPRE) >> 4)];
      |         ^~~~~~~~~~~~~
5 warnings generated.
compiling system_stm32f10x.c...
assembling startup_stm32f10x_md.s...
linking...
Program Size: Code=2752 RO-data=252 RW-data=0 ZI-data=1672  
".\Objects\Read_DHT_data.axf" - 0 Error(s), 31 Warning(s).

<h2>Software Packages used:</h2>

Package Vendor: ARM
                http://www.keil.com/pack/ARM.CMSIS.5.9.0.pack
                ARM::CMSIS@5.9.0
                CMSIS (Common Microcontroller Software Interface Standard)
   * Component: CORE Version: 5.6.0

Package Vendor: Keil
                https://www.keil.com/pack/Keil.STM32F1xx_DFP.2.4.1.pack
                Keil::STM32F1xx_DFP@2.4.1
                STMicroelectronics STM32F1 Series Device Support, Drivers and Examples
   * Component: Startup Version: 1.0.0

<h2>Collection of Component include folders:</h2>
  ./RTE/Device/STM32F103C8
  ./RTE/_Target_1
  C:/Users/maidu/AppData/Local/Arm/Packs/ARM/CMSIS/5.9.0/CMSIS/Core/Include
  C:/Users/maidu/AppData/Local/Arm/Packs/Keil/STM32F1xx_DFP/2.4.1/Device/Include

<h2>Collection of Component Files used:</h2>

   * Component: ARM::CMSIS:CORE@5.6.0

   * Component: Keil::Device:Startup@1.0.0
      Source file:   Device/Source/ARM/STM32F1xx_OPT.s
      Source file:   Device/Source/system_stm32f10x.c
      Source file:   Device/Source/ARM/startup_stm32f10x_md.s
      Include file:  RTE_Driver/Config/RTE_Device.h
Build Time Elapsed:  00:00:00
</pre>
</body>
</html>
