<html>
<body>
<pre>
<h1>µVision Build Log</h1>
<h2>Tool Versions:</h2>
IDE-Version: µVision V5.39.0.0
Copyright (C) 2023 ARM Ltd and ARM Germany GmbH. All rights reserved.
License Information: duc mai, abc, LIC=----
 
Tool Versions:
Toolchain:       MDK-Lite  Version: 5.39.0.0
Toolchain Path:  C:\Keil_v5\ARM\ARMCLANG\Bin
C Compiler:      ArmClang.exe V6.21
Assembler:       Armasm.exe V6.21
Linker/Locator:  ArmLink.exe V6.21
Library Manager: ArmAr.exe V6.21
Hex Converter:   FromElf.exe V6.21
CPU DLL:         SARMCM3.DLL V5.39.0.0
Dialog DLL:      DCM.DLL V1.17.5.0
Target DLL:      UL2CM3.DLL V1.164.9.0
Dialog DLL:      TCM.DLL V1.56.4.0
 
<h2>Project:</h2>
E:\UET_CN2\3_junior\HK2\co_so_do_luong\Fsoft project\project\DHT_labview\DHT_labview.uvprojx
Project File Date:  05/19/2024

<h2>Output:</h2>
*** Using Compiler 'V6.21', folder: 'C:\Keil_v5\ARM\ARMCLANG\Bin'
Build target 'Target 1'
mySystemClockConfig.c(1): warning: In file included from...
./mySystemClockConfig.h(4): warning: In file included from...
C:/Users/maidu/AppData/Local/Arm/Packs/Keil/STM32F1xx_DFP/2.4.1/Device/Include\stm32f10x.h(18): warning: invalid UTF-8 in comment [-Winvalid-utf8]
   18 |   *              - To use or not the peripheral<92>s drivers in application code(i.e. 
      |                                                ^
C:/Users/maidu/AppData/Local/Arm/Packs/Keil/STM32F1xx_DFP/2.4.1/Device/Include\stm32f10x.h(19): warning: invalid UTF-8 in comment [-Winvalid-utf8]
   19 |   *                code will be based on direct access to peripheral<92>s registers 
      |                                                                     ^
C:/Users/maidu/AppData/Local/Arm/Packs/Keil/STM32F1xx_DFP/2.4.1/Device/Include\stm32f10x.h(26): warning: invalid UTF-8 in comment [-Winvalid-utf8]
   26 |   *           - Macros to access peripheral<92>s registers hardware
      |                                            ^
mySystemClockConfig.c(1): warning: In file included from...
./mySystemClockConfig.h(8): warning: no newline at end of file [-Wnewline-eof]
    8 | #endif 
      |        ^
mySystemClockConfig.c(25): warning: implicit conversion changes signedness: 'int' to 'uint32_t' (aka 'unsigned int') [-Wsign-conversion]
   25 |         RCC->CR &= ~(0x01); // off HSION
      |                 ~~ ^~~~~~~
mySystemClockConfig.c(27): warning: no newline at end of file [-Wnewline-eof]
   27 | }
      |  ^
6 warnings generated.
compiling mySystemClockConfig.c...
myPID.c(1): warning: In file included from...
./myPID.h(4): warning: In file included from...
C:/Users/maidu/AppData/Local/Arm/Packs/Keil/STM32F1xx_DFP/2.4.1/Device/Include\stm32f10x.h(18): warning: invalid UTF-8 in comment [-Winvalid-utf8]
   18 |   *              - To use or not the peripheral<92>s drivers in application code(i.e. 
      |                                                ^
C:/Users/maidu/AppData/Local/Arm/Packs/Keil/STM32F1xx_DFP/2.4.1/Device/Include\stm32f10x.h(19): warning: invalid UTF-8 in comment [-Winvalid-utf8]
   19 |   *                code will be based on direct access to peripheral<92>s registers 
      |                                                                     ^
C:/Users/maidu/AppData/Local/Arm/Packs/Keil/STM32F1xx_DFP/2.4.1/Device/Include\stm32f10x.h(26): warning: invalid UTF-8 in comment [-Winvalid-utf8]
   26 |   *           - Macros to access peripheral<92>s registers hardware
      |                                            ^
myPID.c(1): warning: In file included from...
./myPID.h(5): warning: In file included from...
./myPWM.h(7): warning: no newline at end of file [-Wnewline-eof]
    7 | #endif
      |       ^
myPID.c(1): warning: In file included from...
./myPID.h(12): warning: no newline at end of file [-Wnewline-eof]
   12 | #endif
      |       ^
5 warnings generated.
compiling myPID.c...
myDelay.c(1): warning: In file included from...
./myDelay.h(4): warning: In file included from...
C:/Users/maidu/AppData/Local/Arm/Packs/Keil/STM32F1xx_DFP/2.4.1/Device/Include\stm32f10x.h(18): warning: invalid UTF-8 in comment [-Winvalid-utf8]
   18 |   *              - To use or not the peripheral<92>s drivers in application code(i.e. 
      |                                                ^
C:/Users/maidu/AppData/Local/Arm/Packs/Keil/STM32F1xx_DFP/2.4.1/Device/Include\stm32f10x.h(19): warning: invalid UTF-8 in comment [-Winvalid-utf8]
   19 |   *                code will be based on direct access to peripheral<92>s registers 
      |                                                                     ^
C:/Users/maidu/AppData/Local/Arm/Packs/Keil/STM32F1xx_DFP/2.4.1/Device/Include\stm32f10x.h(26): warning: invalid UTF-8 in comment [-Winvalid-utf8]
   26 |   *           - Macros to access peripheral<92>s registers hardware
      |                                            ^
myDelay.c(1): warning: In file included from...
./myDelay.h(8): warning: no newline at end of file [-Wnewline-eof]
    8 | #endif
      |       ^
myDelay.c(9): warning: implicit conversion changes signedness: 'int' to 'uint32_t' (aka 'unsigned int') [-Wsign-conversion]
    9 |                 SysTick->CTRL &= ~(1<<0);
      |                               ~~ ^~~~~~~
myDelay.c(20): warning: implicit conversion changes signedness: 'int' to 'uint32_t' (aka 'unsigned int') [-Wsign-conversion]
   20 |                 SysTick->CTRL &= ~(1<<0);
      |                               ~~ ^~~~~~~
myDelay.c(22): warning: no newline at end of file [-Wnewline-eof]
   22 | }
      |  ^
7 warnings generated.
compiling myDelay.c...
myPWM.c(1): warning: In file included from...
./myPWM.h(4): warning: In file included from...
C:/Users/maidu/AppData/Local/Arm/Packs/Keil/STM32F1xx_DFP/2.4.1/Device/Include\stm32f10x.h(18): warning: invalid UTF-8 in comment [-Winvalid-utf8]
   18 |   *              - To use or not the peripheral<92>s drivers in application code(i.e. 
      |                                                ^
C:/Users/maidu/AppData/Local/Arm/Packs/Keil/STM32F1xx_DFP/2.4.1/Device/Include\stm32f10x.h(19): warning: invalid UTF-8 in comment [-Winvalid-utf8]
   19 |   *                code will be based on direct access to peripheral<92>s registers 
      |                                                                     ^
C:/Users/maidu/AppData/Local/Arm/Packs/Keil/STM32F1xx_DFP/2.4.1/Device/Include\stm32f10x.h(26): warning: invalid UTF-8 in comment [-Winvalid-utf8]
   26 |   *           - Macros to access peripheral<92>s registers hardware
      |                                            ^
myPWM.c(1): warning: In file included from...
./myPWM.h(7): warning: no newline at end of file [-Wnewline-eof]
    7 | #endif
      |       ^
myPWM.c(28): warning: no newline at end of file [-Wnewline-eof]
   28 |         }
      |          ^
5 warnings generated.
compiling myPWM.c...
myUART.c(1): warning: In file included from...
./myUART.h(4): warning: In file included from...
C:/Users/maidu/AppData/Local/Arm/Packs/Keil/STM32F1xx_DFP/2.4.1/Device/Include\stm32f10x.h(18): warning: invalid UTF-8 in comment [-Winvalid-utf8]
   18 |   *              - To use or not the peripheral<92>s drivers in application code(i.e. 
      |                                                ^
C:/Users/maidu/AppData/Local/Arm/Packs/Keil/STM32F1xx_DFP/2.4.1/Device/Include\stm32f10x.h(19): warning: invalid UTF-8 in comment [-Winvalid-utf8]
   19 |   *                code will be based on direct access to peripheral<92>s registers 
      |                                                                     ^
C:/Users/maidu/AppData/Local/Arm/Packs/Keil/STM32F1xx_DFP/2.4.1/Device/Include\stm32f10x.h(26): warning: invalid UTF-8 in comment [-Winvalid-utf8]
   26 |   *           - Macros to access peripheral<92>s registers hardware
      |                                            ^
myUART.c(1): warning: In file included from...
./myUART.h(8): warning: no newline at end of file [-Wnewline-eof]
    8 | #endif
      |       ^
myUART.c(5): warning: implicit conversion changes signedness: 'int' to 'uint32_t' (aka 'unsigned int') [-Wsign-conversion]
    5 |         GPIOA->CRH &= ~(0xFF<<4);
      |                    ~~ ^~~~~~~~~~
myUART.c(25): warning: unsafe buffer access [-Wunsafe-buffer-usage]
   25 |   while (data[i] != 'e') {
      |          ^~~~
myUART.c(28): warning: unsafe buffer access [-Wunsafe-buffer-usage]
   28 |     USART1->DR = data[i++];
      |                  ^~~~
7 warnings generated.
compiling myUART.c...
myLCD.c(1): warning: In file included from...
./myLCD.h(4): warning: In file included from...
C:/Users/maidu/AppData/Local/Arm/Packs/Keil/STM32F1xx_DFP/2.4.1/Device/Include\stm32f10x.h(18): warning: invalid UTF-8 in comment [-Winvalid-utf8]
   18 |   *              - To use or not the peripheral<92>s drivers in application code(i.e. 
      |                                                ^
C:/Users/maidu/AppData/Local/Arm/Packs/Keil/STM32F1xx_DFP/2.4.1/Device/Include\stm32f10x.h(19): warning: invalid UTF-8 in comment [-Winvalid-utf8]
   19 |   *                code will be based on direct access to peripheral<92>s registers 
      |                                                                     ^
C:/Users/maidu/AppData/Local/Arm/Packs/Keil/STM32F1xx_DFP/2.4.1/Device/Include\stm32f10x.h(26): warning: invalid UTF-8 in comment [-Winvalid-utf8]
   26 |   *           - Macros to access peripheral<92>s registers hardware
      |                                            ^
myLCD.c(1): warning: In file included from...
./myLCD.h(7): warning: In file included from...
./myDelay.h(8): warning: no newline at end of file [-Wnewline-eof]
    8 | #endif
      |       ^
myLCD.c(1): warning: In file included from...
./myLCD.h(23): warning: no newline at end of file [-Wnewline-eof]
   23 | #endif
      |       ^
myLCD.c(48): warning: implicit conversion loses integer precision: 'int' to 'uint16_t' (aka 'unsigned short') [-Wimplicit-int-conversion]
   48 |     I2C1->DR = address << 1;  // Send slave address and write bit (0 = write)
      |              ~ ~~~~~~~~^~~~
myLCD.c(70): warning: implicit conversion loses integer precision: 'int' to 'uint8_t' (aka 'unsigned char') [-Wimplicit-int-conversion]
   66 |     uint8_t buf[4] = {
      |                      ~
   67 |         (data & 0xF0) | 0x04,  // Send high nibble with E=1
   68 |         (data & 0xF0),         // Send high nibble with E=0
   69 |         (data << 4) | 0x04,    // Send low nibble with E=1
   70 |         (data << 4)            // Send low nibble with E=0
      |          ~~~~~^~~~
myLCD.c(69): warning: implicit conversion loses integer precision: 'int' to 'uint8_t' (aka 'unsigned char') [-Wimplicit-int-conversion]
   66 |     uint8_t buf[4] = {
      |                      ~
   67 |         (data & 0xF0) | 0x04,  // Send high nibble with E=1
   68 |         (data & 0xF0),         // Send high nibble with E=0
   69 |         (data << 4) | 0x04,    // Send low nibble with E=1
      |         ~~~~~~~~~~~~^~~~~~
myLCD.c(81): warning: implicit conversion loses integer precision: 'int' to 'uint8_t' (aka 'unsigned char') [-Wimplicit-int-conversion]
   77 |     uint8_t buf[4] = {
      |                      ~
   78 |         (data & 0xF0) | 0x05,  // Send high nibble with E=1 and RS=1
   79 |         (data & 0xF0) | 0x01,  // Send high nibble with E=0 and RS=1
   80 |         (data << 4) | 0x05,    // Send low nibble with E=1 and RS=1
   81 |         (data << 4) | 0x01     // Send low nibble with E=0 and RS=1
      |         ~~~~~~~~~~~~^~~~~~
myLCD.c(80): warning: implicit conversion loses integer precision: 'int' to 'uint8_t' (aka 'unsigned char') [-Wimplicit-int-conversion]
   77 |     uint8_t buf[4] = {
      |                      ~
   78 |         (data & 0xF0) | 0x05,  // Send high nibble with E=1 and RS=1
   79 |         (data & 0xF0) | 0x01,  // Send high nibble with E=0 and RS=1
   80 |         (data << 4) | 0x05,    // Send low nibble with E=1 and RS=1
      |         ~~~~~~~~~~~~^~~~~~
myLCD.c(125): warning: no newline at end of file [-Wnewline-eof]
  125 | }
      |  ^
myLCD.c(59): warning: unsafe buffer access [-Wunsafe-buffer-usage]
   59 |         I2C1_Write(buffer[i]);  // Write each byte in the buffer
      |                    ^~~~~~
myLCD.c(116): warning: unsafe buffer access [-Wunsafe-buffer-usage]
  116 |         LCD_I2C_Write_DATA(string[i]);  // Send each character
      |                            ^~~~~~
13 warnings generated.
compiling myLCD.c...
dht_labview.c(1): warning: In file included from...
C:/Users/maidu/AppData/Local/Arm/Packs/Keil/STM32F1xx_DFP/2.4.1/Device/Include\stm32f10x.h(18): warning: invalid UTF-8 in comment [-Winvalid-utf8]
   18 |   *              - To use or not the peripheral<92>s drivers in application code(i.e. 
      |                                                ^
C:/Users/maidu/AppData/Local/Arm/Packs/Keil/STM32F1xx_DFP/2.4.1/Device/Include\stm32f10x.h(19): warning: invalid UTF-8 in comment [-Winvalid-utf8]
   19 |   *                code will be based on direct access to peripheral<92>s registers 
      |                                                                     ^
C:/Users/maidu/AppData/Local/Arm/Packs/Keil/STM32F1xx_DFP/2.4.1/Device/Include\stm32f10x.h(26): warning: invalid UTF-8 in comment [-Winvalid-utf8]
   26 |   *           - Macros to access peripheral<92>s registers hardware
      |                                            ^
dht_labview.c(5): warning: In file included from...
./mySystemClockConfig.h(8): warning: no newline at end of file [-Wnewline-eof]
    8 | #endif 
      |        ^
dht_labview.c(6): warning: In file included from...
./myDelay.h(8): warning: no newline at end of file [-Wnewline-eof]
    8 | #endif
      |       ^
dht_labview.c(7): warning: In file included from...
./myUART.h(8): warning: no newline at end of file [-Wnewline-eof]
    8 | #endif
      |       ^
dht_labview.c(8): warning: In file included from...
./myPID.h(5): warning: In file included from...
./myPWM.h(7): warning: no newline at end of file [-Wnewline-eof]
    7 | #endif
      |       ^
dht_labview.c(8): warning: In file included from...
./myPID.h(12): warning: no newline at end of file [-Wnewline-eof]
   12 | #endif
      |       ^
dht_labview.c(9): warning: In file included from...
./myLCD.h(23): warning: no newline at end of file [-Wnewline-eof]
   23 | #endif
      |       ^
dht_labview.c(96): warning: implicit conversion changes signedness: 'int' to 'uint32_t' (aka 'unsigned int') [-Wsign-conversion]
   96 |         GPIOA->CRL &= ~0xF;
      |                    ~~ ^~~~
dht_labview.c(110): warning: while loop has empty body [-Wempty-body]
  110 |         while ((GPIOA->IDR & 1<<0) == 0);
      |                                         ^
dht_labview.c(110): note: put the semicolon on a separate line to silence this warning
dht_labview.c(121): warning: mixing declarations and code is incompatible with standards before C99 [-Wdeclaration-after-statement]
  121 |                 uint16_t tick_count=0;
      |                          ^
dht_labview.c(149): warning: implicit conversion loses integer precision: 'volatile uint16_t' (aka 'volatile unsigned short') to 'char' [-Wimplicit-int-conversion]
  149 |                 char receive_char = USART1->DR; 
      |                      ~~~~~~~~~~~~   ~~~~~~~~^~
dht_labview.c(183): warning: mixing declarations and code is incompatible with standards before C99 [-Wdeclaration-after-statement]
  183 |         char c_temp[4];
      |              ^
dht_labview.c(62): warning: unsafe buffer access [-Wunsafe-buffer-usage]
   62 |                         dht_data[i] = ReadDHT();
      |                         ^~~~~~~~
dht_labview.c(65): warning: unsafe buffer access [-Wunsafe-buffer-usage]
   65 |     humidity_decimal = dht_data[1];
      |                        ^~~~~~~~
dht_labview.c(66): warning: unsafe buffer access [-Wunsafe-buffer-usage]
   66 |     temperature_integer = dht_data[2];
      |                           ^~~~~~~~
dht_labview.c(67): warning: unsafe buffer access [-Wunsafe-buffer-usage]
   67 |     temperature_decimal = dht_data[3];
      |                           ^~~~~~~~
dht_labview.c(68): warning: unsafe buffer access [-Wunsafe-buffer-usage]
   68 |     checksum = dht_data[4];
      |                ^~~~~~~~
dht_labview.c(72): warning: unsafe buffer access [-Wunsafe-buffer-usage]
   72 |                                 DHT_DATA[1] = (double)((uint16_t)humidity_integer) + (uint16_t)humidity_decimal/10.0;
      |                                 ^~~~~~~~
dht_labview.c(75): warning: unsafe buffer access [-Wunsafe-buffer-usage]
   75 |                 humid = DHT_DATA[1];
      |                         ^~~~~~~~
dht_labview.c(138): warning: unsafe buffer access [-Wunsafe-buffer-usage]
  138 |     int humidity = (int)(Data[1] * 10);
      |                          ^~~~
dht_labview.c(150): warning: unsafe buffer access [-Wunsafe-buffer-usage]
  150 |                 uart_receive[uart_index]=receive_char;
      |                 ^~~~~~~~~~~~
dht_labview.c(153): warning: unsafe buffer access [-Wunsafe-buffer-usage]
  153 |                         uart_receive[4]=0;
      |                         ^~~~~~~~~~~~
dht_labview.c(156): warning: unsafe pointer arithmetic [-Wunsafe-buffer-usage]
  156 |                                         convertStringToDecimal(uart_receive+1,&humid_setpoint);
      |                                                                ^~~~~~~~~~~~
dht_labview.c(160): warning: unsafe pointer arithmetic [-Wunsafe-buffer-usage]
  160 |                                         convertStringToDecimal(uart_receive+1,&temp_setpoint);
      |                                                                ^~~~~~~~~~~~
dht_labview.c(164): warning: unsafe buffer access [-Wunsafe-buffer-usage]
  164 |                                         if(uart_receive[3]=='f') GPIOA->ODR ^= fanPin;
      |                                            ^~~~~~~~~~~~
dht_labview.c(168): warning: unsafe buffer access [-Wunsafe-buffer-usage]
  168 |                                         if(uart_receive[3]=='f') GPIOA->ODR ^= mistPin;
      |                                            ^~~~~~~~~~~~
28 warnings generated.
compiling dht_labview.c...
RTE/Device/STM32F103C8/system_stm32f10x.c(64): warning: In file included from...
C:/Users/maidu/AppData/Local/Arm/Packs/Keil/STM32F1xx_DFP/2.4.1/Device/Include\stm32f10x.h(18): warning: invalid UTF-8 in comment [-Winvalid-utf8]
   18 |   *              - To use or not the peripheral<92>s drivers in application code(i.e. 
      |                                                ^
C:/Users/maidu/AppData/Local/Arm/Packs/Keil/STM32F1xx_DFP/2.4.1/Device/Include\stm32f10x.h(19): warning: invalid UTF-8 in comment [-Winvalid-utf8]
   19 |   *                code will be based on direct access to peripheral<92>s registers 
      |                                                                     ^
C:/Users/maidu/AppData/Local/Arm/Packs/Keil/STM32F1xx_DFP/2.4.1/Device/Include\stm32f10x.h(26): warning: invalid UTF-8 in comment [-Winvalid-utf8]
   26 |   *           - Macros to access peripheral<92>s registers hardware
      |                                            ^
RTE/Device/STM32F103C8/system_stm32f10x.c(166): warning: no previous extern declaration for non-static variable 'AHBPrescTable' [-Wmissing-variable-declarations]
  166 | __I uint8_t AHBPrescTable[16] = {0, 0, 0, 0, 0, 0, 0, 0, 1, 2, 3, 4, 6, 7, 8, 9};
      |             ^
RTE/Device/STM32F103C8/system_stm32f10x.c(166): note: declare 'static' if the variable is not intended to be used outside of this translation unit
  166 | __I uint8_t AHBPrescTable[16] = {0, 0, 0, 0, 0, 0, 0, 0, 1, 2, 3, 4, 6, 7, 8, 9};
      |     ^
RTE/Device/STM32F103C8/system_stm32f10x.c(408): warning: unsafe buffer access [-Wunsafe-buffer-usage]
  408 |   tmp = AHBPrescTable[((RCC->CFGR & RCC_CFGR_HPRE) >> 4)];
      |         ^~~~~~~~~~~~~
5 warnings generated.
compiling system_stm32f10x.c...
linking...
Program Size: Code=13128 RO-data=856 RW-data=16 ZI-data=1768  
".\Objects\DHT_final.axf" - 0 Error(s), 76 Warning(s).

<h2>Software Packages used:</h2>

Package Vendor: ARM
                http://www.keil.com/pack/ARM.CMSIS.5.9.0.pack
                ARM::CMSIS@5.9.0
                CMSIS (Common Microcontroller Software Interface Standard)
   * Component: CORE Version: 5.6.0

Package Vendor: Keil
                https://www.keil.com/pack/Keil.STM32F1xx_DFP.2.4.1.pack
                Keil::STM32F1xx_DFP@2.4.1
                STMicroelectronics STM32F1 Series Device Support, Drivers and Examples
   * Component: Startup Version: 1.0.0

<h2>Collection of Component include folders:</h2>
  ./RTE/Device/STM32F103C8
  ./RTE/_Target_1
  C:/Users/maidu/AppData/Local/Arm/Packs/ARM/CMSIS/5.9.0/CMSIS/Core/Include
  C:/Users/maidu/AppData/Local/Arm/Packs/Keil/STM32F1xx_DFP/2.4.1/Device/Include

<h2>Collection of Component Files used:</h2>

   * Component: ARM::CMSIS:CORE@5.6.0

   * Component: Keil::Device:Startup@1.0.0
      Source file:   Device/Source/system_stm32f10x.c
      Include file:  RTE_Driver/Config/RTE_Device.h
      Source file:   Device/Source/ARM/STM32F1xx_OPT.s
      Source file:   Device/Source/ARM/startup_stm32f10x_md.s
Build Time Elapsed:  00:00:02
</pre>
</body>
</html>
